C:/Users/user/Documents/STM32/STM32CubeF1-master/Drivers/CMSIS/Include/core_cm3.h:1511:22:__NVIC_EnableIRQ	16	static
D:/Path/Glove/app/firmware/modules/myhal/src/exti.c:5:6:extiInit	32	static
D:/Path/Glove/app/firmware/modules/myhal/src/exti.c:38:6:extiClearFlag	24	static
D:/Path/Glove/app/firmware/modules/myhal/src/exti.c:45:6:extiRegisterHandler	32	static
D:/Path/Glove/app/firmware/modules/myhal/src/exti.c:53:13:extiGroupDispatch	24	static
D:/Path/Glove/app/firmware/modules/myhal/src/exti.c:65:6:EXTI0_IRQHandler	8	static
D:/Path/Glove/app/firmware/modules/myhal/src/exti.c:71:6:EXTI1_IRQHandler	8	static
D:/Path/Glove/app/firmware/modules/myhal/src/exti.c:77:6:EXTI2_IRQHandler	8	static
D:/Path/Glove/app/firmware/modules/myhal/src/exti.c:83:6:EXTI3_IRQHandler	8	static
D:/Path/Glove/app/firmware/modules/myhal/src/exti.c:89:7:EXTI4_IRQHandler	8	static
D:/Path/Glove/app/firmware/modules/myhal/src/exti.c:95:6:EXTI9_5_IRQHandler	8	static
D:/Path/Glove/app/firmware/modules/myhal/src/exti.c:101:6:EXTI15_10_IRQHandler	8	static
