C:/Users/user/Documents/STM32/STM32CubeF1-master/Drivers/CMSIS/Include/core_cm3.h:1511:22:__NVIC_EnableIRQ	16	static
C:/Users/user/Documents/STM32/STM32CubeF1-master/Drivers/CMSIS/Include/core_cm3.h:1639:22:__NVIC_SetPriority	16	static
C:/Users/user/Documents/STM32/STM32CubeF1-master/Drivers/CMSIS/Include/core_cm3.h:1834:26:SysTick_Config	16	static
D:/Path/Glove/app/firmware/modules/myhal/src/tim.c:5:16:getTimIndex	16	static
D:/Path/Glove/app/firmware/modules/myhal/src/tim.c:12:6:sysTickInit	8	static
D:/Path/Glove/app/firmware/modules/myhal/src/tim.c:17:10:millis	4	static
D:/Path/Glove/app/firmware/modules/myhal/src/tim.c:22:6:SysTick_Handler	4	static
D:/Path/Glove/app/firmware/modules/myhal/src/tim.c:27:6:sysTickDelay	24	static,ignoring_inline_asm
D:/Path/Glove/app/firmware/modules/myhal/src/tim.c:36:6:timerInit	24	static
D:/Path/Glove/app/firmware/modules/myhal/src/tim.c:69:6:timRegisterHandler	24	static
D:/Path/Glove/app/firmware/modules/myhal/src/tim.c:77:6:TIM3_IRQHandler	8	static
