C:/Users/user/Documents/STM32/STM32CubeF1-master/Drivers/CMSIS/Include/core_cm3.h:1511:22:__NVIC_EnableIRQ	16	static
D:/Path/Glove/app/firmware/modules/myhal/exti.c:5:6:extiInit	32	static
D:/Path/Glove/app/firmware/modules/myhal/exti.c:38:6:extiClearFlag	24	static
D:/Path/Glove/app/firmware/modules/myhal/exti.c:45:6:extiRegisterHandler	32	static
D:/Path/Glove/app/firmware/modules/myhal/exti.c:53:13:extiGroupDispatch	24	static
D:/Path/Glove/app/firmware/modules/myhal/exti.c:64:28:EXTI0_IRQHandler	8	static
D:/Path/Glove/app/firmware/modules/myhal/exti.c:70:28:EXTI1_IRQHandler	8	static
D:/Path/Glove/app/firmware/modules/myhal/exti.c:76:28:EXTI2_IRQHandler	8	static
D:/Path/Glove/app/firmware/modules/myhal/exti.c:82:28:EXTI3_IRQHandler	8	static
D:/Path/Glove/app/firmware/modules/myhal/exti.c:88:28:EXTI4_IRQHandler	8	static
D:/Path/Glove/app/firmware/modules/myhal/exti.c:94:28:EXTI9_5_IRQHandler	8	static
D:/Path/Glove/app/firmware/modules/myhal/exti.c:100:28:EXTI15_10_IRQHandler	8	static
