C:/Users/user/Documents/STM32/STM32CubeF1-master/Drivers/CMSIS/Include/core_cm3.h:1511:22:__NVIC_EnableIRQ	16	static
D:/Path/Glove/app/firmware/modules/myhal/soft_usart.c:30:6:softUartInit	48	static
D:/Path/Glove/app/firmware/modules/myhal/soft_usart.c:49:13:softUartRxStartHandler	4	static
D:/Path/Glove/app/firmware/modules/myhal/soft_usart.c:60:13:softUartRxTimHandler	24	static
D:/Path/Glove/app/firmware/modules/myhal/soft_usart.c:99:20:txSetHigh	4	static
D:/Path/Glove/app/firmware/modules/myhal/soft_usart.c:104:20:txSetLow	4	static
D:/Path/Glove/app/firmware/modules/myhal/soft_usart.c:109:13:softUartTxTimHandler	16	static
D:/Path/Glove/app/firmware/modules/myhal/soft_usart.c:136:13:softUartStartTx	4	static
D:/Path/Glove/app/firmware/modules/myhal/soft_usart.c:150:6:softUartPutChar	24	static,ignoring_inline_asm
D:/Path/Glove/app/firmware/modules/myhal/soft_usart.c:165:6:softUartPutString	16	static
D:/Path/Glove/app/firmware/modules/myhal/soft_usart.c:173:13:softUartTimDispatch	8	static
D:/Path/Glove/app/firmware/modules/myhal/soft_usart.c:186:10:softUartAvailable	4	static
D:/Path/Glove/app/firmware/modules/myhal/soft_usart.c:191:6:softUartReadByte	16	static
