C:/Users/user/Documents/STM32/STM32CubeF1-master/Drivers/CMSIS/Include/core_cm3.h:1511:22:__NVIC_EnableIRQ	16	static
C:/Users/user/Documents/STM32/STM32CubeF1-master/Drivers/CMSIS/Include/core_cm3.h:1639:22:__NVIC_SetPriority	16	static
C:/Users/user/Documents/STM32/STM32CubeF1-master/Drivers/CMSIS/Include/core_cm3.h:1834:26:SysTick_Config	16	static
../Inc/tim.c:5:6:sysTickInit	8	static
../Inc/tim.c:9:14:portToTIM	16	static
../Inc/tim.c:29:10:millis	4	static
../Inc/tim.c:34:6:SysTick_Handler	4	static
../Inc/tim.c:39:6:timerInit	32	static
../Inc/tim.c:70:6:debounceTimerInit	32	static
