Archive member included to satisfy reference by file (symbol)

C:/ST/STM32CubeIDE_1.19.0/STM32CubeIDE/plugins/com.st.stm32cube.ide.mcu.externaltools.gnu-tools-for-stm32.13.3.rel1.win32_1.0.0.202411081344/tools/bin/../lib/gcc/arm-none-eabi/13.3.1/../../../../arm-none-eabi/lib/thumb/v7-m/nofp\libc_nano.a(libc_a-exit.o)
                              C:/ST/STM32CubeIDE_1.19.0/STM32CubeIDE/plugins/com.st.stm32cube.ide.mcu.externaltools.gnu-tools-for-stm32.13.3.rel1.win32_1.0.0.202411081344/tools/bin/../lib/gcc/arm-none-eabi/13.3.1/../../../../arm-none-eabi/lib/thumb/v7-m/nofp/crt0.o (exit)
C:/ST/STM32CubeIDE_1.19.0/STM32CubeIDE/plugins/com.st.stm32cube.ide.mcu.externaltools.gnu-tools-for-stm32.13.3.rel1.win32_1.0.0.202411081344/tools/bin/../lib/gcc/arm-none-eabi/13.3.1/../../../../arm-none-eabi/lib/thumb/v7-m/nofp\libc_nano.a(libc_a-findfp.o)
                              C:/ST/STM32CubeIDE_1.19.0/STM32CubeIDE/plugins/com.st.stm32cube.ide.mcu.externaltools.gnu-tools-for-stm32.13.3.rel1.win32_1.0.0.202411081344/tools/bin/../lib/gcc/arm-none-eabi/13.3.1/../../../../arm-none-eabi/lib/thumb/v7-m/nofp\libc_nano.a(libc_a-exit.o) (__stdio_exit_handler)
C:/ST/STM32CubeIDE_1.19.0/STM32CubeIDE/plugins/com.st.stm32cube.ide.mcu.externaltools.gnu-tools-for-stm32.13.3.rel1.win32_1.0.0.202411081344/tools/bin/../lib/gcc/arm-none-eabi/13.3.1/../../../../arm-none-eabi/lib/thumb/v7-m/nofp\libc_nano.a(libc_a-fwalk.o)
                              C:/ST/STM32CubeIDE_1.19.0/STM32CubeIDE/plugins/com.st.stm32cube.ide.mcu.externaltools.gnu-tools-for-stm32.13.3.rel1.win32_1.0.0.202411081344/tools/bin/../lib/gcc/arm-none-eabi/13.3.1/../../../../arm-none-eabi/lib/thumb/v7-m/nofp\libc_nano.a(libc_a-findfp.o) (_fwalk_sglue)
C:/ST/STM32CubeIDE_1.19.0/STM32CubeIDE/plugins/com.st.stm32cube.ide.mcu.externaltools.gnu-tools-for-stm32.13.3.rel1.win32_1.0.0.202411081344/tools/bin/../lib/gcc/arm-none-eabi/13.3.1/../../../../arm-none-eabi/lib/thumb/v7-m/nofp\libc_nano.a(libc_a-stdio.o)
                              C:/ST/STM32CubeIDE_1.19.0/STM32CubeIDE/plugins/com.st.stm32cube.ide.mcu.externaltools.gnu-tools-for-stm32.13.3.rel1.win32_1.0.0.202411081344/tools/bin/../lib/gcc/arm-none-eabi/13.3.1/../../../../arm-none-eabi/lib/thumb/v7-m/nofp\libc_nano.a(libc_a-findfp.o) (__sread)
C:/ST/STM32CubeIDE_1.19.0/STM32CubeIDE/plugins/com.st.stm32cube.ide.mcu.externaltools.gnu-tools-for-stm32.13.3.rel1.win32_1.0.0.202411081344/tools/bin/../lib/gcc/arm-none-eabi/13.3.1/../../../../arm-none-eabi/lib/thumb/v7-m/nofp\libc_nano.a(libc_a-memset.o)
                              C:/ST/STM32CubeIDE_1.19.0/STM32CubeIDE/plugins/com.st.stm32cube.ide.mcu.externaltools.gnu-tools-for-stm32.13.3.rel1.win32_1.0.0.202411081344/tools/bin/../lib/gcc/arm-none-eabi/13.3.1/../../../../arm-none-eabi/lib/thumb/v7-m/nofp/crt0.o (memset)
C:/ST/STM32CubeIDE_1.19.0/STM32CubeIDE/plugins/com.st.stm32cube.ide.mcu.externaltools.gnu-tools-for-stm32.13.3.rel1.win32_1.0.0.202411081344/tools/bin/../lib/gcc/arm-none-eabi/13.3.1/../../../../arm-none-eabi/lib/thumb/v7-m/nofp\libc_nano.a(libc_a-closer.o)
                              C:/ST/STM32CubeIDE_1.19.0/STM32CubeIDE/plugins/com.st.stm32cube.ide.mcu.externaltools.gnu-tools-for-stm32.13.3.rel1.win32_1.0.0.202411081344/tools/bin/../lib/gcc/arm-none-eabi/13.3.1/../../../../arm-none-eabi/lib/thumb/v7-m/nofp\libc_nano.a(libc_a-stdio.o) (_close_r)
C:/ST/STM32CubeIDE_1.19.0/STM32CubeIDE/plugins/com.st.stm32cube.ide.mcu.externaltools.gnu-tools-for-stm32.13.3.rel1.win32_1.0.0.202411081344/tools/bin/../lib/gcc/arm-none-eabi/13.3.1/../../../../arm-none-eabi/lib/thumb/v7-m/nofp\libc_nano.a(libc_a-reent.o)
                              C:/ST/STM32CubeIDE_1.19.0/STM32CubeIDE/plugins/com.st.stm32cube.ide.mcu.externaltools.gnu-tools-for-stm32.13.3.rel1.win32_1.0.0.202411081344/tools/bin/../lib/gcc/arm-none-eabi/13.3.1/../../../../arm-none-eabi/lib/thumb/v7-m/nofp\libc_nano.a(libc_a-closer.o) (errno)
C:/ST/STM32CubeIDE_1.19.0/STM32CubeIDE/plugins/com.st.stm32cube.ide.mcu.externaltools.gnu-tools-for-stm32.13.3.rel1.win32_1.0.0.202411081344/tools/bin/../lib/gcc/arm-none-eabi/13.3.1/../../../../arm-none-eabi/lib/thumb/v7-m/nofp\libc_nano.a(libc_a-impure.o)
                              C:/ST/STM32CubeIDE_1.19.0/STM32CubeIDE/plugins/com.st.stm32cube.ide.mcu.externaltools.gnu-tools-for-stm32.13.3.rel1.win32_1.0.0.202411081344/tools/bin/../lib/gcc/arm-none-eabi/13.3.1/../../../../arm-none-eabi/lib/thumb/v7-m/nofp\libc_nano.a(libc_a-reent.o) (_impure_ptr)
C:/ST/STM32CubeIDE_1.19.0/STM32CubeIDE/plugins/com.st.stm32cube.ide.mcu.externaltools.gnu-tools-for-stm32.13.3.rel1.win32_1.0.0.202411081344/tools/bin/../lib/gcc/arm-none-eabi/13.3.1/../../../../arm-none-eabi/lib/thumb/v7-m/nofp\libc_nano.a(libc_a-lseekr.o)
[...]
Memory Configuration

Name             Origin             Length             Attributes
RAM              0x20000000         0x00002800         xrw
FLASH            0x08000000         0x00008000         xr
*default*        0x00000000         0xffffffff

Linker script and memory map

LOAD C:/ST/STM32CubeIDE_1.19.0/STM32CubeIDE/plugins/com.st.stm32cube.ide.mcu.externaltools.gnu-tools-for-stm32.13.3.rel1.win32_1.0.0.202411081344/tools/bin/../lib/gcc/arm-none-eabi/13.3.1/thumb/v7-m/nofp/crti.o
LOAD C:/ST/STM32CubeIDE_1.19.0/STM32CubeIDE/plugins/com.st.stm32cube.ide.mcu.externaltools.gnu-tools-for-stm32.13.3.rel1.win32_1.0.0.202411081344/tools/bin/../lib/gcc/arm-none-eabi/13.3.1/thumb/v7-m/nofp/crtbegin.o
LOAD C:/ST/STM32CubeIDE_1.19.0/STM32CubeIDE/plugins/com.st.stm32cube.ide.mcu.externaltools.gnu-tools-for-stm32.13.3.rel1.win32_1.0.0.202411081344/tools/bin/../lib/gcc/arm-none-eabi/13.3.1/../../../../arm-none-eabi/lib/thumb/v7-m/nofp/crt0.o
LOAD ./Inc/exti.o
LOAD ./Inc/gpio.o
LOAD ./Inc/myhal.o
LOAD ./Inc/pwm.o
LOAD ./Inc/tim.o
LOAD ./Inc/usart.o
LOAD ./Src/main.o
LOAD ./Src/syscalls.o
LOAD ./Src/sysmem.o
LOAD ./Startup/startup_stm32f103c6tx.o
START GROUP
LOAD C:/ST/STM32CubeIDE_1.19.0/STM32CubeIDE/plugins/com.st.stm32cube.ide.mcu.externaltools.gnu-tools-for-stm32.13.3.rel1.win32_1.0.0.202411081344/tools/bin/../lib/gcc/arm-none-eabi/13.3.1/../../../../arm-none-eabi/lib/thumb/v7-m/nofp\libc_nano.a
LOAD C:/ST/STM32CubeIDE_1.19.0/STM32CubeIDE/plugins/com.st.stm32cube.ide.mcu.externaltools.gnu-tools-for-stm32.13.3.rel1.win32_1.0.0.202411081344/tools/bin/../lib/gcc/arm-none-eabi/13.3.1/../../../../arm-none-eabi/lib/thumb/v7-m/nofp\libm.a
END GROUP
START GROUP
LOAD C:/ST/STM32CubeIDE_1.19.0/STM32CubeIDE/plugins/com.st.stm32cube.ide.mcu.externaltools.gnu-tools-for-stm32.13.3.rel1.win32_1.0.0.202411081344/tools/bin/../lib/gcc/arm-none-eabi/13.3.1/thumb/v7-m/nofp\libgcc.a
LOAD C:/ST/STM32CubeIDE_1.19.0/STM32CubeIDE/plugins/com.st.stm32cube.ide.mcu.externaltools.gnu-tools-for-stm32.13.3.rel1.win32_1.0.0.202411081344/tools/bin/../lib/gcc/arm-none-eabi/13.3.1/../../../../arm-none-eabi/lib/thumb/v7-m/nofp\libc_nano.a
END GROUP
START GROUP
LOAD C:/ST/STM32CubeIDE_1.19.0/STM32CubeIDE/plugins/com.st.stm32cube.ide.mcu.externaltools.gnu-tools-for-stm32.13.3.rel1.win32_1.0.0.202411081344/tools/bin/../lib/gcc/arm-none-eabi/13.3.1/thumb/v7-m/nofp\libgcc.a
LOAD C:/ST/STM32CubeIDE_1.19.0/STM32CubeIDE/plugins/com.st.stm32cube.ide.mcu.externaltools.gnu-tools-for-stm32.13.3.rel1.win32_1.0.0.202411081344/tools/bin/../lib/gcc/arm-none-eabi/13.3.1/../../../../arm-none-eabi/lib/thumb/v7-m/nofp\libc_nano.a
LOAD C:/ST/STM32CubeIDE_1.19.0/STM32CubeIDE/plugins/com.st.stm32cube.ide.mcu.externaltools.gnu-tools-for-stm32.13.3.rel1.win32_1.0.0.202411081344/tools/bin/../lib/gcc/arm-none-eabi/13.3.1/../../../../arm-none-eabi/lib/thumb/v7-m/nofp\libnosys.a
END GROUP
START GROUP
LOAD C:/ST/STM32CubeIDE_1.19.0/STM32CubeIDE/plugins/com.st.stm32cube.ide.mcu.externaltools.gnu-tools-for-stm32.13.3.rel1.win32_1.0.0.202411081344/tools/bin/../lib/gcc/arm-none-eabi/13.3.1/thumb/v7-m/nofp\libgcc.a
LOAD C:/ST/STM32CubeIDE_1.19.0/STM32CubeIDE/plugins/com.st.stm32cube.ide.mcu.externaltools.gnu-tools-for-stm32.13.3.rel1.win32_1.0.0.202411081344/tools/bin/../lib/gcc/arm-none-eabi/13.3.1/../../../../arm-none-eabi/lib/thumb/v7-m/nofp\libc_nano.a
LOAD C:/ST/STM32CubeIDE_1.19.0/STM32CubeIDE/plugins/com.st.stm32cube.ide.mcu.externaltools.gnu-tools-for-stm32.13.3.rel1.win32_1.0.0.202411081344/tools/bin/../lib/gcc/arm-none-eabi/13.3.1/../../../../arm-none-eabi/lib/thumb/v7-m/nofp\libnosys.a
END GROUP
LOAD C:/ST/STM32CubeIDE_1.19.0/STM32CubeIDE/plugins/com.st.stm32cube.ide.mcu.externaltools.gnu-tools-for-stm32.13.3.rel1.win32_1.0.0.202411081344/tools/bin/../lib/gcc/arm-none-eabi/13.3.1/thumb/v7-m/nofp/crtend.o
LOAD C:/ST/STM32CubeIDE_1.19.0/STM32CubeIDE/plugins/com.st.stm32cube.ide.mcu.externaltools.gnu-tools-for-stm32.13.3.rel1.win32_1.0.0.202411081344/tools/bin/../lib/gcc/arm-none-eabi/13.3.1/thumb/v7-m/nofp/crtn.o
                0x20002800                        _estack = (ORIGIN (RAM) + LENGTH (RAM))
                0x00000200                        _Min_Heap_Size = 0x200
                0x00000400                        _Min_Stack_Size = 0x400

.isr_vector     0x08000000      0x130
                0x08000000                        . = ALIGN (0x4)
 *(.isr_vector)
 .isr_vector    0x08000000      0x130 ./Startup/startup_stm32f103c6tx.o
                0x08000000                g_pfnVectors
                0x08000130                        . = ALIGN (0x4)

.text           0x08000130      0x960
                0x08000130                        . = ALIGN (0x4)
 *(.text)
 .text          0x08000130       0x40 C:/ST/STM32CubeIDE_1.19.0/STM32CubeIDE/plugins/com.st.stm32cube.ide.mcu.externaltools.gnu-tools-for-stm32.13.3.rel1.win32_1.0.0.202411081344/tools/bin/../lib/gcc/arm-none-eabi/13.3.1/thumb/v7-m/nofp/crtbegin.o
 *(.text*)
 .text.enableGPIOClock
                0x08000170       0x58 ./Inc/gpio.o
                0x08000170                enableGPIOClock
 .text.portToGPIO
                0x080001c8       0x44 ./Inc/gpio.o
                0x080001c8                portToGPIO
 .text.pinMode  0x0800020c       0xe6 ./Inc/gpio.o
                0x0800020c                pinMode
 .text.pinModeMulti
                0x080002f2       0x4e ./Inc/gpio.o
                0x080002f2                pinModeMulti
 .text.portToTIM
                0x08000340       0x40 ./Inc/tim.o
                0x08000340                portToTIM
 .text.SysTick_Handler
                0x08000380       0x1c ./Inc/tim.o
                0x08000380                SysTick_Handler
 .text.timerInit
                0x0800039c       0xa4 ./Inc/tim.o
                0x0800039c                timerInit
 .text.__NVIC_EnableIRQ
                0x08000440       0x38 ./Inc/usart.o
 .text.usartInit
                0x08000478       0xc0 ./Inc/usart.o
                0x08000478                usartInit
 .text.usartWriteLine
                0x08000538       0xb4 ./Inc/usart.o
                0x08000538                usartWriteLine
 .text.usartDiv
                0x080005ec       0x1c ./Inc/usart.o
                0x080005ec                usartDiv
 .text.USART1_IRQHandler
                0x08000608        0xe ./Inc/usart.o
                0x08000608                USART1_IRQHandler
 .text.USART2_IRQHandler
                0x08000616        0xe ./Inc/usart.o
                0x08000616                USART2_IRQHandler
 .text.USART_IRQHandler_Generic
                0x08000624      0x140 ./Inc/usart.o
                0x08000624                USART_IRQHandler_Generic
 .text.__NVIC_EnableIRQ
                0x08000764       0x38 ./Src/main.o
 .text.main     0x0800079c      0x19c ./Src/main.o
                0x0800079c                main
 .text.TIM2_IRQHandler
                0x08000938       0xa4 ./Src/main.o
                0x08000938                TIM2_IRQHandler
 .text.Reset_Handler
                0x080009dc       0x50 ./Startup/startup_stm32f103c6tx.o
                0x080009dc                Reset_Handler
 .text.Default_Handler
                0x08000a2c        0x2 ./Startup/startup_stm32f103c6tx.o
                0x08000a2c                EXTI2_IRQHandler
                0x08000a2c                TIM8_TRG_COM_IRQHandler
                0x08000a2c                TIM8_CC_IRQHandler
                0x08000a2c                DebugMon_Handler
                0x08000a2c                TIM1_CC_IRQHandler
                0x08000a2c                HardFault_Handler
                0x08000a2c                TIM6_IRQHandler
                0x08000a2c                PVD_IRQHandler
                0x08000a2c                SDIO_IRQHandler
                0x08000a2c                PendSV_Handler
                0x08000a2c                NMI_Handler
                0x08000a2c                EXTI3_IRQHandler
                0x08000a2c                USB_HP_CAN_TX_IRQHandler
                0x08000a2c                EXTI0_IRQHandler
                0x08000a2c                I2C2_EV_IRQHandler
                0x08000a2c                UsageFault_Handler
                0x08000a2c                ADC1_2_IRQHandler
                0x08000a2c                SPI1_IRQHandler
                0x08000a2c                CAN_SCE_IRQHandler
                0x08000a2c                TAMPER_IRQHandler
                0x08000a2c                TIM8_UP_IRQHandler
                0x08000a2c                DMA2_Channel2_IRQHandler
                0x08000a2c                DMA1_Channel4_IRQHandler
                0x08000a2c                USART3_IRQHandler
                0x08000a2c                RTC_IRQHandler
                0x08000a2c                DMA1_Channel7_IRQHandler
                0x08000a2c                UART5_IRQHandler
                0x08000a2c                ADC3_IRQHandler
                0x08000a2c                TIM4_IRQHandler
                0x08000a2c                CAN_RX1_IRQHandler
                0x08000a2c                DMA2_Channel1_IRQHandler
                0x08000a2c                I2C1_EV_IRQHandler
                0x08000a2c                DMA1_Channel6_IRQHandler
                0x08000a2c                UART4_IRQHandler
                0x08000a2c                TIM3_IRQHandler
                0x08000a2c                RCC_IRQHandler
                0x08000a2c                TIM1_TRG_COM_IRQHandler
                0x08000a2c                DMA1_Channel1_IRQHandler
                0x08000a2c                Default_Handler
                0x08000a2c                EXTI15_10_IRQHandler
                0x08000a2c                TIM7_IRQHandler
                0x08000a2c                TIM5_IRQHandler
                0x08000a2c                EXTI9_5_IRQHandler
                0x08000a2c                SPI2_IRQHandler
                0x08000a2c                USB_LP_CAN_RX0_IRQHandler
                0x08000a2c                MemManage_Handler
                0x08000a2c                SVC_Handler
                0x08000a2c                DMA1_Channel5_IRQHandler
                0x08000a2c                EXTI4_IRQHandler
                0x08000a2c                DMA1_Channel3_IRQHandler
                0x08000a2c                FSMC_IRQHandler
                0x08000a2c                TIM1_UP_IRQHandler
                0x08000a2c                WWDG_IRQHandler
                0x08000a2c                TIM1_BRK_IRQHandler
                0x08000a2c                EXTI1_IRQHandler
                0x08000a2c                RTCAlarm_IRQHandler
                0x08000a2c                DMA2_Channel4_5_IRQHandler
                0x08000a2c                I2C2_ER_IRQHandler
                0x08000a2c                DMA1_Channel2_IRQHandler
                0x08000a2c                TIM8_BRK_IRQHandler
                0x08000a2c                FLASH_IRQHandler
                0x08000a2c                BusFault_Handler
                0x08000a2c                SPI3_IRQHandler
                0x08000a2c                I2C1_ER_IRQHandler
                0x08000a2c                DMA2_Channel3_IRQHandler
 *fill*         0x08000a2e        0x2 
 .text.__libc_init_array
                0x08000a30       0x48 C:/ST/STM32CubeIDE_1.19.0/STM32CubeIDE/plugins/com.st.stm32cube.ide.mcu.externaltools.gnu-tools-for-stm32.13.3.rel1.win32_1.0.0.202411081344/tools/bin/../lib/gcc/arm-none-eabi/13.3.1/../../../../arm-none-eabi/lib/thumb/v7-m/nofp\libc_nano.a(libc_a-init.o)
                0x08000a30                __libc_init_array
 *(.glue_7)
 .glue_7        0x08000a78        0x0 linker stubs
 *(.glue_7t)
 .glue_7t       0x08000a78        0x0 linker stubs
 *(.eh_frame)
 .eh_frame      0x08000a78        0x0 C:/ST/STM32CubeIDE_1.19.0/STM32CubeIDE/plugins/com.st.stm32cube.ide.mcu.externaltools.gnu-tools-for-stm32.13.3.rel1.win32_1.0.0.202411081344/tools/bin/../lib/gcc/arm-none-eabi/13.3.1/thumb/v7-m/nofp/crtbegin.o
 *(.init)
 .init          0x08000a78        0x4 C:/ST/STM32CubeIDE_1.19.0/STM32CubeIDE/plugins/com.st.stm32cube.ide.mcu.externaltools.gnu-tools-for-stm32.13.3.rel1.win32_1.0.0.202411081344/tools/bin/../lib/gcc/arm-none-eabi/13.3.1/thumb/v7-m/nofp/crti.o
                0x08000a78                _init
 .init          0x08000a7c        0x8 C:/ST/STM32CubeIDE_1.19.0/STM32CubeIDE/plugins/com.st.stm32cube.ide.mcu.externaltools.gnu-tools-for-stm32.13.3.rel1.win32_1.0.0.202411081344/tools/bin/../lib/gcc/arm-none-eabi/13.3.1/thumb/v7-m/nofp/crtn.o
 *(.fini)
 .fini          0x08000a84        0x4 C:/ST/STM32CubeIDE_1.19.0/STM32CubeIDE/plugins/com.st.stm32cube.ide.mcu.externaltools.gnu-tools-for-stm32.13.3.rel1.win32_1.0.0.202411081344/tools/bin/../lib/gcc/arm-none-eabi/13.3.1/thumb/v7-m/nofp/crti.o
                0x08000a84                _fini
 .fini          0x08000a88        0x8 C:/ST/STM32CubeIDE_1.19.0/STM32CubeIDE/plugins/com.st.stm32cube.ide.mcu.externaltools.gnu-tools-for-stm32.13.3.rel1.win32_1.0.0.202411081344/tools/bin/../lib/gcc/arm-none-eabi/13.3.1/thumb/v7-m/nofp/crtn.o
                0x08000a90                        . = ALIGN (0x4)
                0x08000a90                        _etext = .

.vfp11_veneer   0x08000a90        0x0
 .vfp11_veneer  0x08000a90        0x0 linker stubs

.v4_bx          0x08000a90        0x0
 .v4_bx         0x08000a90        0x0 linker stubs

.iplt           0x08000a90        0x0
 .iplt          0x08000a90        0x0 C:/ST/STM32CubeIDE_1.19.0/STM32CubeIDE/plugins/com.st.stm32cube.ide.mcu.externaltools.gnu-tools-for-stm32.13.3.rel1.win32_1.0.0.202411081344/tools/bin/../lib/gcc/arm-none-eabi/13.3.1/thumb/v7-m/nofp/crtbegin.o

.rodata         0x08000a90       0x10
                0x08000a90                        . = ALIGN (0x4)
 *(.rodata)
 .rodata        0x08000a90        0xf ./Src/main.o
 *(.rodata*)
                0x08000aa0                        . = ALIGN (0x4)
 *fill*         0x08000a9f        0x1 

.ARM.extab      0x08000aa0        0x0
                0x08000aa0                        . = ALIGN (0x4)
 *(.ARM.extab* .gnu.linkonce.armextab.*)
                0x08000aa0                        . = ALIGN (0x4)

.ARM            0x08000aa0        0x0
                0x08000aa0                        . = ALIGN (0x4)
                0x08000aa0                        __exidx_start = .
 *(.ARM.exidx*)
                0x08000aa0                        __exidx_end = .
                0x08000aa0                        . = ALIGN (0x4)

.preinit_array  0x08000aa0        0x0
                0x08000aa0                        . = ALIGN (0x4)
                0x08000aa0                        PROVIDE (__preinit_array_start = .)
 *(.preinit_array*)
                0x08000aa0                        PROVIDE (__preinit_array_end = .)
                0x08000aa0                        . = ALIGN (0x4)

.init_array     0x08000aa0        0x4
                0x08000aa0                        . = ALIGN (0x4)
                0x08000aa0                        PROVIDE (__init_array_start = .)
 *(SORT_BY_NAME(.init_array.*))
 *(.init_array*)
 .init_array    0x08000aa0        0x4 C:/ST/STM32CubeIDE_1.19.0/STM32CubeIDE/plugins/com.st.stm32cube.ide.mcu.externaltools.gnu-tools-for-stm32.13.3.rel1.win32_1.0.0.202411081344/tools/bin/../lib/gcc/arm-none-eabi/13.3.1/thumb/v7-m/nofp/crtbegin.o
                0x08000aa4                        PROVIDE (__init_array_end = .)
                0x08000aa4                        . = ALIGN (0x4)

.fini_array     0x08000aa4        0x4
                0x08000aa4                        . = ALIGN (0x4)
                [!provide]                        PROVIDE (__fini_array_start = .)
 *(SORT_BY_NAME(.fini_array.*))
 *(.fini_array*)
 .fini_array    0x08000aa4        0x4 C:/ST/STM32CubeIDE_1.19.0/STM32CubeIDE/plugins/com.st.stm32cube.ide.mcu.externaltools.gnu-tools-for-stm32.13.3.rel1.win32_1.0.0.202411081344/tools/bin/../lib/gcc/arm-none-eabi/13.3.1/thumb/v7-m/nofp/crtbegin.o
                [!provide]                        PROVIDE (__fini_array_end = .)
                0x08000aa8                        . = ALIGN (0x4)
                0x08000aa8                        _sidata = LOADADDR (.data)

.rel.dyn        0x08000aa8        0x0
 .rel.iplt      0x08000aa8        0x0 C:/ST/STM32CubeIDE_1.19.0/STM32CubeIDE/plugins/com.st.stm32cube.ide.mcu.externaltools.gnu-tools-for-stm32.13.3.rel1.win32_1.0.0.202411081344/tools/bin/../lib/gcc/arm-none-eabi/13.3.1/thumb/v7-m/nofp/crtbegin.o

.data           0x20000000        0x8 load address 0x08000aa8
                0x20000000                        . = ALIGN (0x4)
                0x20000000                        _sdata = .
 *(.data)
 *(.data*)
 .data.USARTs   0x20000000        0x8 ./Inc/usart.o
                0x20000000                USARTs
 *(.RamFunc)
 *(.RamFunc*)
                0x20000008                        . = ALIGN (0x4)
                0x20000008                        _edata = .

.igot.plt       0x20000008        0x0 load address 0x08000ab0
 .igot.plt      0x20000008        0x0 C:/ST/STM32CubeIDE_1.19.0/STM32CubeIDE/plugins/com.st.stm32cube.ide.mcu.externaltools.gnu-tools-for-stm32.13.3.rel1.win32_1.0.0.202411081344/tools/bin/../lib/gcc/arm-none-eabi/13.3.1/thumb/v7-m/nofp/crtbegin.o
                0x20000008                        . = ALIGN (0x4)

.bss            0x20000008      0x438 load address 0x08000ab0
                0x20000008                        _sbss = .
                0x20000008                        __bss_start__ = _sbss
 *(.bss)
 .bss           0x20000008       0x1c C:/ST/STM32CubeIDE_1.19.0/STM32CubeIDE/plugins/com.st.stm32cube.ide.mcu.externaltools.gnu-tools-for-stm32.13.3.rel1.win32_1.0.0.202411081344/tools/bin/../lib/gcc/arm-none-eabi/13.3.1/thumb/v7-m/nofp/crtbegin.o
 *(.bss*)
 .bss.msTicks   0x20000024        0x4 ./Inc/tim.o
                0x20000024                msTicks
 .bss.rx_heads  0x20000028        0x4 ./Inc/usart.o
                0x20000028                rx_heads
 .bss.tx_heads  0x2000002c        0x4 ./Inc/usart.o
                0x2000002c                tx_heads
 .bss.rx_tails  0x20000030        0x4 ./Inc/usart.o
                0x20000030                rx_tails
 .bss.tx_tails  0x20000034        0x4 ./Inc/usart.o
                0x20000034                tx_tails
 .bss.usartRXBuffers
                0x20000038      0x202 ./Inc/usart.o
                0x20000038                usartRXBuffers
 *fill*         0x2000023a        0x2 
 .bss.usartTXBuffers
                0x2000023c      0x202 ./Inc/usart.o
                0x2000023c                usartTXBuffers
 *(COMMON)
                0x20000440                        . = ALIGN (0x4)
 *fill*         0x2000043e        0x2 
                0x20000440                        _ebss = .
                0x20000440                        __bss_end__ = _ebss

._user_heap_stack
                0x20000440      0x600 load address 0x08000ab0
                0x20000440                        . = ALIGN (0x8)
                [!provide]                        PROVIDE (end = .)
                0x20000440                        PROVIDE (_end = .)
                0x20000640                        . = (. + _Min_Heap_Size)
 *fill*         0x20000440      0x200 
                0x20000a40                        . = (. + _Min_Stack_Size)
 *fill*         0x20000640      0x400 
                0x20000a40                        . = ALIGN (0x8)

/DISCARD/
 libc.a(*)
 libm.a(*)
 libgcc.a(*)

.ARM.attributes
                0x00000000       0x29
 *(.ARM.attributes)
 .ARM.attributes
                0x00000000       0x1d C:/ST/STM32CubeIDE_1.19.0/STM32CubeIDE/plugins/com.st.stm32cube.ide.mcu.externaltools.gnu-tools-for-stm32.13.3.rel1.win32_1.0.0.202411081344/tools/bin/../lib/gcc/arm-none-eabi/13.3.1/thumb/v7-m/nofp/crti.o
 .ARM.attributes
                0x0000001d       0x2d C:/ST/STM32CubeIDE_1.19.0/STM32CubeIDE/plugins/com.st.stm32cube.ide.mcu.externaltools.gnu-tools-for-stm32.13.3.rel1.win32_1.0.0.202411081344/tools/bin/../lib/gcc/arm-none-eabi/13.3.1/thumb/v7-m/nofp/crtbegin.o
 .ARM.attributes
                0x0000004a       0x2d ./Inc/gpio.o
 .ARM.attributes
                0x00000077       0x2d ./Inc/tim.o
 .ARM.attributes
                0x000000a4       0x2d ./Inc/usart.o
 .ARM.attributes
                0x000000d1       0x2d ./Src/main.o
 .ARM.attributes
                0x000000fe       0x21 ./Startup/startup_stm32f103c6tx.o
 .ARM.attributes
                0x0000011f       0x2d C:/ST/STM32CubeIDE_1.19.0/STM32CubeIDE/plugins/com.st.stm32cube.ide.mcu.externaltools.gnu-tools-for-stm32.13.3.rel1.win32_1.0.0.202411081344/tools/bin/../lib/gcc/arm-none-eabi/13.3.1/../../../../arm-none-eabi/lib/thumb/v7-m/nofp\libc_nano.a(libc_a-init.o)
 .ARM.attributes
                0x0000014c       0x1d C:/ST/STM32CubeIDE_1.19.0/STM32CubeIDE/plugins/com.st.stm32cube.ide.mcu.externaltools.gnu-tools-for-stm32.13.3.rel1.win32_1.0.0.202411081344/tools/bin/../lib/gcc/arm-none-eabi/13.3.1/thumb/v7-m/nofp/crtn.o
OUTPUT(Glove.elf elf32-littlearm)
LOAD linker stubs
LOAD C:/ST/STM32CubeIDE_1.19.0/STM32CubeIDE/plugins/com.st.stm32cube.ide.mcu.externaltools.gnu-tools-for-stm32.13.3.rel1.win32_1.0.0.202411081344/tools/bin/../lib/gcc/arm-none-eabi/13.3.1/../../../../arm-none-eabi/lib/thumb/v7-m/nofp\libc.a
LOAD C:/ST/STM32CubeIDE_1.19.0/STM32CubeIDE/plugins/com.st.stm32cube.ide.mcu.externaltools.gnu-tools-for-stm32.13.3.rel1.win32_1.0.0.202411081344/tools/bin/../lib/gcc/arm-none-eabi/13.3.1/../../../../arm-none-eabi/lib/thumb/v7-m/nofp\libm.a
LOAD C:/ST/STM32CubeIDE_1.19.0/STM32CubeIDE/plugins/com.st.stm32cube.ide.mcu.externaltools.gnu-tools-for-stm32.13.3.rel1.win32_1.0.0.202411081344/tools/bin/../lib/gcc/arm-none-eabi/13.3.1/thumb/v7-m/nofp\libgcc.a

.debug_info     0x00000000     0x1da8
 .debug_info    0x00000000      0x3dd ./Inc/gpio.o
 .debug_info    0x000003dd      0x8d1 ./Inc/tim.o
 .debug_info    0x00000cae      0x91b ./Inc/usart.o
 .debug_info    0x000015c9      0x7af ./Src/main.o
 .debug_info    0x00001d78       0x30 ./Startup/startup_stm32f103c6tx.o

.debug_abbrev   0x00000000      0x808
 .debug_abbrev  0x00000000      0x171 ./Inc/gpio.o
 .debug_abbrev  0x00000171      0x244 ./Inc/tim.o
 .debug_abbrev  0x000003b5      0x248 ./Inc/usart.o
 .debug_abbrev  0x000005fd      0x1e7 ./Src/main.o
 .debug_abbrev  0x000007e4       0x24 ./Startup/startup_stm32f103c6tx.o

.debug_aranges  0x00000000      0x180
 .debug_aranges
                0x00000000       0x50 ./Inc/gpio.o
 .debug_aranges
                0x00000050       0x60 ./Inc/tim.o
 .debug_aranges
                0x000000b0       0x78 ./Inc/usart.o
 .debug_aranges
                0x00000128       0x30 ./Src/main.o
 .debug_aranges
                0x00000158       0x28 ./Startup/startup_stm32f103c6tx.o

.debug_rnglists
                0x00000000      0x138
 .debug_rnglists
                0x00000000       0x38 ./Inc/gpio.o
 .debug_rnglists
                0x00000038       0x45 ./Inc/tim.o
 .debug_rnglists
                0x0000007d       0x81 ./Inc/usart.o
 .debug_rnglists
                0x000000fe       0x21 ./Src/main.o
 .debug_rnglists
                0x0000011f       0x19 ./Startup/startup_stm32f103c6tx.o

.debug_macro    0x00000000     0x1044
 .debug_macro   0x00000000       0xdb ./Inc/gpio.o
 .debug_macro   0x000000db       0xcd ./Inc/tim.o
 .debug_macro   0x000001a8      0x1bc ./Inc/usart.o
 .debug_macro   0x00000364       0x5b ./Inc/usart.o
 .debug_macro   0x000003bf       0x24 ./Inc/usart.o
 .debug_macro   0x000003e3       0x94 ./Inc/usart.o
 .debug_macro   0x00000477       0x43 ./Inc/usart.o
 .debug_macro   0x000004ba       0x34 ./Inc/usart.o
 .debug_macro   0x000004ee       0x16 ./Inc/usart.o
 .debug_macro   0x00000504       0x57 ./Inc/usart.o
 .debug_macro   0x0000055b       0x9e ./Inc/usart.o
 .debug_macro   0x000005f9      0x370 ./Inc/usart.o
 .debug_macro   0x00000969      0x112 ./Inc/usart.o
 .debug_macro   0x00000a7b       0x10 ./Inc/usart.o
 .debug_macro   0x00000a8b       0x16 ./Inc/usart.o
 .debug_macro   0x00000aa1       0x4a ./Inc/usart.o
 .debug_macro   0x00000aeb       0x34 ./Inc/usart.o
 .debug_macro   0x00000b1f       0x10 ./Inc/usart.o
 .debug_macro   0x00000b2f       0x58 ./Inc/usart.o
 .debug_macro   0x00000b87       0x8e ./Inc/usart.o
 .debug_macro   0x00000c15       0x1c ./Inc/usart.o
 .debug_macro   0x00000c31      0x185 ./Inc/usart.o
 .debug_macro   0x00000db6       0x16 ./Inc/usart.o
 .debug_macro   0x00000dcc       0x16 ./Inc/usart.o
 .debug_macro   0x00000de2      0x146 ./Inc/usart.o
 .debug_macro   0x00000f28       0x10 ./Inc/usart.o
 .debug_macro   0x00000f38      0x10c ./Src/main.o

.debug_line     0x00000000     0x1e4c
 .debug_line    0x00000000      0x6ae ./Inc/gpio.o
 .debug_line    0x000006ae      0x6c4 ./Inc/tim.o
 .debug_line    0x00000d72      0x98c ./Inc/usart.o
 .debug_line    0x000016fe      0x6d3 ./Src/main.o
 .debug_line    0x00001dd1       0x7b ./Startup/startup_stm32f103c6tx.o

.debug_str      0x00000000    0x5760e
 .debug_str     0x00000000    0x5760e ./Inc/gpio.o
                              0x53a25 (size before relaxing)
 .debug_str     0x0005760e    0x5397d ./Inc/tim.o
 .debug_str     0x0005760e    0x57669 ./Inc/usart.o
 .debug_str     0x0005760e    0x53e82 ./Src/main.o
 .debug_str     0x0005760e       0x64 ./Startup/startup_stm32f103c6tx.o

.comment        0x00000000       0x43
 .comment       0x00000000       0x43 ./Inc/gpio.o
                                 0x44 (size before relaxing)
 .comment       0x00000043       0x44 ./Inc/tim.o
 .comment       0x00000043       0x44 ./Inc/usart.o
 .comment       0x00000043       0x44 ./Src/main.o

.debug_frame    0x00000000      0x4f0
 .debug_frame   0x00000000      0x120 ./Inc/gpio.o
 .debug_frame   0x00000120      0x150 ./Inc/tim.o
 .debug_frame   0x00000270      0x1d8 ./Inc/usart.o
 .debug_frame   0x00000448       0x7c ./Src/main.o
 .debug_frame   0x000004c4       0x2c C:/ST/STM32CubeIDE_1.19.0/STM32CubeIDE/plugins/com.st.stm32cube.ide.mcu.externaltools.gnu-tools-for-stm32.13.3.rel1.win32_1.0.0.202411081344/tools/bin/../lib/gcc/arm-none-eabi/13.3.1/../../../../arm-none-eabi/lib/thumb/v7-m/nofp\libc_nano.a(libc_a-init.o)

.debug_line_str
                0x00000000       0x48
 .debug_line_str
                0x00000000       0x48 ./Startup/startup_stm32f103c6tx.o
