Archive member included to satisfy reference by file (symbol)

C:/ST/STM32CubeIDE_1.19.0/STM32CubeIDE/plugins/com.st.stm32cube.ide.mcu.externaltools.gnu-tools-for-stm32.13.3.rel1.win32_1.0.0.202411081344/tools/bin/../lib/gcc/arm-none-eabi/13.3.1/../../../../arm-none-eabi/lib/thumb/v7-m/nofp\libc_nano.a(libc_a-exit.o)
                              C:/ST/STM32CubeIDE_1.19.0/STM32CubeIDE/plugins/com.st.stm32cube.ide.mcu.externaltools.gnu-tools-for-stm32.13.3.rel1.win32_1.0.0.202411081344/tools/bin/../lib/gcc/arm-none-eabi/13.3.1/../../../../arm-none-eabi/lib/thumb/v7-m/nofp/crt0.o (exit)
C:/ST/STM32CubeIDE_1.19.0/STM32CubeIDE/plugins/com.st.stm32cube.ide.mcu.externaltools.gnu-tools-for-stm32.13.3.rel1.win32_1.0.0.202411081344/tools/bin/../lib/gcc/arm-none-eabi/13.3.1/../../../../arm-none-eabi/lib/thumb/v7-m/nofp\libc_nano.a(libc_a-findfp.o)
                              C:/ST/STM32CubeIDE_1.19.0/STM32CubeIDE/plugins/com.st.stm32cube.ide.mcu.externaltools.gnu-tools-for-stm32.13.3.rel1.win32_1.0.0.202411081344/tools/bin/../lib/gcc/arm-none-eabi/13.3.1/../../../../arm-none-eabi/lib/thumb/v7-m/nofp\libc_nano.a(libc_a-exit.o) (__stdio_exit_handler)
C:/ST/STM32CubeIDE_1.19.0/STM32CubeIDE/plugins/com.st.stm32cube.ide.mcu.externaltools.gnu-tools-for-stm32.13.3.rel1.win32_1.0.0.202411081344/tools/bin/../lib/gcc/arm-none-eabi/13.3.1/../../../../arm-none-eabi/lib/thumb/v7-m/nofp\libc_nano.a(libc_a-fwalk.o)
                              C:/ST/STM32CubeIDE_1.19.0/STM32CubeIDE/plugins/com.st.stm32cube.ide.mcu.externaltools.gnu-tools-for-stm32.13.3.rel1.win32_1.0.0.202411081344/tools/bin/../lib/gcc/arm-none-eabi/13.3.1/../../../../arm-none-eabi/lib/thumb/v7-m/nofp\libc_nano.a(libc_a-findfp.o) (_fwalk_sglue)
C:/ST/STM32CubeIDE_1.19.0/STM32CubeIDE/plugins/com.st.stm32cube.ide.mcu.externaltools.gnu-tools-for-stm32.13.3.rel1.win32_1.0.0.202411081344/tools/bin/../lib/gcc/arm-none-eabi/13.3.1/../../../../arm-none-eabi/lib/thumb/v7-m/nofp\libc_nano.a(libc_a-stdio.o)
                              C:/ST/STM32CubeIDE_1.19.0/STM32CubeIDE/plugins/com.st.stm32cube.ide.mcu.externaltools.gnu-tools-for-stm32.13.3.rel1.win32_1.0.0.202411081344/tools/bin/../lib/gcc/arm-none-eabi/13.3.1/../../../../arm-none-eabi/lib/thumb/v7-m/nofp\libc_nano.a(libc_a-findfp.o) (__sread)
C:/ST/STM32CubeIDE_1.19.0/STM32CubeIDE/plugins/com.st.stm32cube.ide.mcu.externaltools.gnu-tools-for-stm32.13.3.rel1.win32_1.0.0.202411081344/tools/bin/../lib/gcc/arm-none-eabi/13.3.1/../../../../arm-none-eabi/lib/thumb/v7-m/nofp\libc_nano.a(libc_a-memset.o)
                              C:/ST/STM32CubeIDE_1.19.0/STM32CubeIDE/plugins/com.st.stm32cube.ide.mcu.externaltools.gnu-tools-for-stm32.13.3.rel1.win32_1.0.0.202411081344/tools/bin/../lib/gcc/arm-none-eabi/13.3.1/../../../../arm-none-eabi/lib/thumb/v7-m/nofp/crt0.o (memset)
C:/ST/STM32CubeIDE_1.19.0/STM32CubeIDE/plugins/com.st.stm32cube.ide.mcu.externaltools.gnu-tools-for-stm32.13.3.rel1.win32_1.0.0.202411081344/tools/bin/../lib/gcc/arm-none-eabi/13.3.1/../../../../arm-none-eabi/lib/thumb/v7-m/nofp\libc_nano.a(libc_a-closer.o)
                              C:/ST/STM32CubeIDE_1.19.0/STM32CubeIDE/plugins/com.st.stm32cube.ide.mcu.externaltools.gnu-tools-for-stm32.13.3.rel1.win32_1.0.0.202411081344/tools/bin/../lib/gcc/arm-none-eabi/13.3.1/../../../../arm-none-eabi/lib/thumb/v7-m/nofp\libc_nano.a(libc_a-stdio.o) (_close_r)
C:/ST/STM32CubeIDE_1.19.0/STM32CubeIDE/plugins/com.st.stm32cube.ide.mcu.externaltools.gnu-tools-for-stm32.13.3.rel1.win32_1.0.0.202411081344/tools/bin/../lib/gcc/arm-none-eabi/13.3.1/../../../../arm-none-eabi/lib/thumb/v7-m/nofp\libc_nano.a(libc_a-reent.o)
                              C:/ST/STM32CubeIDE_1.19.0/STM32CubeIDE/plugins/com.st.stm32cube.ide.mcu.externaltools.gnu-tools-for-stm32.13.3.rel1.win32_1.0.0.202411081344/tools/bin/../lib/gcc/arm-none-eabi/13.3.1/../../../../arm-none-eabi/lib/thumb/v7-m/nofp\libc_nano.a(libc_a-closer.o) (errno)
C:/ST/STM32CubeIDE_1.19.0/STM32CubeIDE/plugins/com.st.stm32cube.ide.mcu.externaltools.gnu-tools-for-stm32.13.3.rel1.win32_1.0.0.202411081344/tools/bin/../lib/gcc/arm-none-eabi/13.3.1/../../../../arm-none-eabi/lib/thumb/v7-m/nofp\libc_nano.a(libc_a-impure.o)
                              C:/ST/STM32CubeIDE_1.19.0/STM32CubeIDE/plugins/com.st.stm32cube.ide.mcu.externaltools.gnu-tools-for-stm32.13.3.rel1.win32_1.0.0.202411081344/tools/bin/../lib/gcc/arm-none-eabi/13.3.1/../../../../arm-none-eabi/lib/thumb/v7-m/nofp\libc_nano.a(libc_a-reent.o) (_impure_ptr)
C:/ST/STM32CubeIDE_1.19.0/STM32CubeIDE/plugins/com.st.stm32cube.ide.mcu.externaltools.gnu-tools-for-stm32.13.3.rel1.win32_1.0.0.202411081344/tools/bin/../lib/gcc/arm-none-eabi/13.3.1/../../../../arm-none-eabi/lib/thumb/v7-m/nofp\libc_nano.a(libc_a-lseekr.o)
[...]
Memory Configuration

Name             Origin             Length             Attributes
RAM              0x20000000         0x00002800         xrw
FLASH            0x08000000         0x00008000         xr
*default*        0x00000000         0xffffffff

Linker script and memory map

LOAD C:/ST/STM32CubeIDE_1.19.0/STM32CubeIDE/plugins/com.st.stm32cube.ide.mcu.externaltools.gnu-tools-for-stm32.13.3.rel1.win32_1.0.0.202411081344/tools/bin/../lib/gcc/arm-none-eabi/13.3.1/thumb/v7-m/nofp/crti.o
LOAD C:/ST/STM32CubeIDE_1.19.0/STM32CubeIDE/plugins/com.st.stm32cube.ide.mcu.externaltools.gnu-tools-for-stm32.13.3.rel1.win32_1.0.0.202411081344/tools/bin/../lib/gcc/arm-none-eabi/13.3.1/thumb/v7-m/nofp/crtbegin.o
LOAD C:/ST/STM32CubeIDE_1.19.0/STM32CubeIDE/plugins/com.st.stm32cube.ide.mcu.externaltools.gnu-tools-for-stm32.13.3.rel1.win32_1.0.0.202411081344/tools/bin/../lib/gcc/arm-none-eabi/13.3.1/../../../../arm-none-eabi/lib/thumb/v7-m/nofp/crt0.o
LOAD ./Src/activities.o
LOAD ./Src/button.o
LOAD ./Src/glove_pins.o
LOAD ./Src/main.o
LOAD ./Src/rgb.o
LOAD ./Src/syscalls.o
LOAD ./Src/sysmem.o
LOAD ./Startup/startup_stm32f103c6tx.o
LOAD ./myhal/src/adc.o
LOAD ./myhal/src/dma.o
LOAD ./myhal/src/exti.o
LOAD ./myhal/src/gpio.o
LOAD ./myhal/src/i2c.o
LOAD ./myhal/src/myhal.o
LOAD ./myhal/src/pwm.o
LOAD ./myhal/src/soft_i2c.o
LOAD ./myhal/src/soft_uart.o
LOAD ./myhal/src/tim.o
LOAD ./myhal/src/usart.o
LOAD ./myhal/src/utilities.o
START GROUP
LOAD C:/ST/STM32CubeIDE_1.19.0/STM32CubeIDE/plugins/com.st.stm32cube.ide.mcu.externaltools.gnu-tools-for-stm32.13.3.rel1.win32_1.0.0.202411081344/tools/bin/../lib/gcc/arm-none-eabi/13.3.1/../../../../arm-none-eabi/lib/thumb/v7-m/nofp\libc_nano.a
LOAD C:/ST/STM32CubeIDE_1.19.0/STM32CubeIDE/plugins/com.st.stm32cube.ide.mcu.externaltools.gnu-tools-for-stm32.13.3.rel1.win32_1.0.0.202411081344/tools/bin/../lib/gcc/arm-none-eabi/13.3.1/../../../../arm-none-eabi/lib/thumb/v7-m/nofp\libm.a
END GROUP
START GROUP
LOAD C:/ST/STM32CubeIDE_1.19.0/STM32CubeIDE/plugins/com.st.stm32cube.ide.mcu.externaltools.gnu-tools-for-stm32.13.3.rel1.win32_1.0.0.202411081344/tools/bin/../lib/gcc/arm-none-eabi/13.3.1/thumb/v7-m/nofp\libgcc.a
LOAD C:/ST/STM32CubeIDE_1.19.0/STM32CubeIDE/plugins/com.st.stm32cube.ide.mcu.externaltools.gnu-tools-for-stm32.13.3.rel1.win32_1.0.0.202411081344/tools/bin/../lib/gcc/arm-none-eabi/13.3.1/../../../../arm-none-eabi/lib/thumb/v7-m/nofp\libc_nano.a
END GROUP
START GROUP
LOAD C:/ST/STM32CubeIDE_1.19.0/STM32CubeIDE/plugins/com.st.stm32cube.ide.mcu.externaltools.gnu-tools-for-stm32.13.3.rel1.win32_1.0.0.202411081344/tools/bin/../lib/gcc/arm-none-eabi/13.3.1/thumb/v7-m/nofp\libgcc.a
LOAD C:/ST/STM32CubeIDE_1.19.0/STM32CubeIDE/plugins/com.st.stm32cube.ide.mcu.externaltools.gnu-tools-for-stm32.13.3.rel1.win32_1.0.0.202411081344/tools/bin/../lib/gcc/arm-none-eabi/13.3.1/../../../../arm-none-eabi/lib/thumb/v7-m/nofp\libc_nano.a
LOAD C:/ST/STM32CubeIDE_1.19.0/STM32CubeIDE/plugins/com.st.stm32cube.ide.mcu.externaltools.gnu-tools-for-stm32.13.3.rel1.win32_1.0.0.202411081344/tools/bin/../lib/gcc/arm-none-eabi/13.3.1/../../../../arm-none-eabi/lib/thumb/v7-m/nofp\libnosys.a
END GROUP
START GROUP
LOAD C:/ST/STM32CubeIDE_1.19.0/STM32CubeIDE/plugins/com.st.stm32cube.ide.mcu.externaltools.gnu-tools-for-stm32.13.3.rel1.win32_1.0.0.202411081344/tools/bin/../lib/gcc/arm-none-eabi/13.3.1/thumb/v7-m/nofp\libgcc.a
LOAD C:/ST/STM32CubeIDE_1.19.0/STM32CubeIDE/plugins/com.st.stm32cube.ide.mcu.externaltools.gnu-tools-for-stm32.13.3.rel1.win32_1.0.0.202411081344/tools/bin/../lib/gcc/arm-none-eabi/13.3.1/../../../../arm-none-eabi/lib/thumb/v7-m/nofp\libc_nano.a
LOAD C:/ST/STM32CubeIDE_1.19.0/STM32CubeIDE/plugins/com.st.stm32cube.ide.mcu.externaltools.gnu-tools-for-stm32.13.3.rel1.win32_1.0.0.202411081344/tools/bin/../lib/gcc/arm-none-eabi/13.3.1/../../../../arm-none-eabi/lib/thumb/v7-m/nofp\libnosys.a
END GROUP
LOAD C:/ST/STM32CubeIDE_1.19.0/STM32CubeIDE/plugins/com.st.stm32cube.ide.mcu.externaltools.gnu-tools-for-stm32.13.3.rel1.win32_1.0.0.202411081344/tools/bin/../lib/gcc/arm-none-eabi/13.3.1/thumb/v7-m/nofp/crtend.o
LOAD C:/ST/STM32CubeIDE_1.19.0/STM32CubeIDE/plugins/com.st.stm32cube.ide.mcu.externaltools.gnu-tools-for-stm32.13.3.rel1.win32_1.0.0.202411081344/tools/bin/../lib/gcc/arm-none-eabi/13.3.1/thumb/v7-m/nofp/crtn.o
                0x20002800                        _estack = (ORIGIN (RAM) + LENGTH (RAM))
                0x00000200                        _Min_Heap_Size = 0x200
                0x00000400                        _Min_Stack_Size = 0x400

.isr_vector     0x08000000      0x130
                0x08000000                        . = ALIGN (0x4)
 *(.isr_vector)
 .isr_vector    0x08000000      0x130 ./Startup/startup_stm32f103c6tx.o
                0x08000000                g_pfnVectors
                0x08000130                        . = ALIGN (0x4)

.text           0x08000130     0x3408
                0x08000130                        . = ALIGN (0x4)
 *(.text)
 .text          0x08000130       0x40 C:/ST/STM32CubeIDE_1.19.0/STM32CubeIDE/plugins/com.st.stm32cube.ide.mcu.externaltools.gnu-tools-for-stm32.13.3.rel1.win32_1.0.0.202411081344/tools/bin/../lib/gcc/arm-none-eabi/13.3.1/thumb/v7-m/nofp/crtbegin.o
 .text          0x08000170      0x254 C:/ST/STM32CubeIDE_1.19.0/STM32CubeIDE/plugins/com.st.stm32cube.ide.mcu.externaltools.gnu-tools-for-stm32.13.3.rel1.win32_1.0.0.202411081344/tools/bin/../lib/gcc/arm-none-eabi/13.3.1/thumb/v7-m/nofp\libgcc.a(_arm_muldf3.o)
                0x08000170                __muldf3
                0x08000170                __aeabi_dmul
 .text          0x080003c4      0x378 C:/ST/STM32CubeIDE_1.19.0/STM32CubeIDE/plugins/com.st.stm32cube.ide.mcu.externaltools.gnu-tools-for-stm32.13.3.rel1.win32_1.0.0.202411081344/tools/bin/../lib/gcc/arm-none-eabi/13.3.1/thumb/v7-m/nofp\libgcc.a(_arm_addsubdf3.o)
                0x080003c4                __aeabi_drsub
                0x080003cc                __aeabi_dsub
                0x080003cc                __subdf3
                0x080003d0                __aeabi_dadd
                0x080003d0                __adddf3
                0x08000648                __floatunsidf
                0x08000648                __aeabi_ui2d
                0x08000668                __floatsidf
                0x08000668                __aeabi_i2d
                0x0800068c                __aeabi_f2d
                0x0800068c                __extendsfdf2
                0x080006d0                __floatundidf
                0x080006d0                __aeabi_ul2d
                0x080006e0                __floatdidf
                0x080006e0                __aeabi_l2d
 .text          0x0800073c       0xa0 C:/ST/STM32CubeIDE_1.19.0/STM32CubeIDE/plugins/com.st.stm32cube.ide.mcu.externaltools.gnu-tools-for-stm32.13.3.rel1.win32_1.0.0.202411081344/tools/bin/../lib/gcc/arm-none-eabi/13.3.1/thumb/v7-m/nofp\libgcc.a(_arm_truncdfsf2.o)
                0x0800073c                __truncdfsf2
                0x0800073c                __aeabi_d2f
 .text          0x080007dc      0x21c C:/ST/STM32CubeIDE_1.19.0/STM32CubeIDE/plugins/com.st.stm32cube.ide.mcu.externaltools.gnu-tools-for-stm32.13.3.rel1.win32_1.0.0.202411081344/tools/bin/../lib/gcc/arm-none-eabi/13.3.1/thumb/v7-m/nofp\libgcc.a(_arm_addsubsf3.o)
                0x080007dc                __aeabi_frsub
                0x080007e4                __subsf3
                0x080007e4                __aeabi_fsub
                0x080007e8                __aeabi_fadd
                0x080007e8                __addsf3
                0x08000948                __aeabi_ui2f
                0x08000948                __floatunsisf
                0x08000950                __aeabi_i2f
                0x08000950                __floatsisf
                0x0800096c                __aeabi_ul2f
                0x0800096c                __floatundisf
                0x0800097c                __aeabi_l2f
                0x0800097c                __floatdisf
 .text          0x080009f8      0x2a0 C:/ST/STM32CubeIDE_1.19.0/STM32CubeIDE/plugins/com.st.stm32cube.ide.mcu.externaltools.gnu-tools-for-stm32.13.3.rel1.win32_1.0.0.202411081344/tools/bin/../lib/gcc/arm-none-eabi/13.3.1/thumb/v7-m/nofp\libgcc.a(_arm_muldivsf3.o)
                0x080009f8                __mulsf3
                0x080009f8                __aeabi_fmul
                0x08000b60                __aeabi_fdiv
                0x08000b60                __divsf3
 .text          0x08000c98       0xec C:/ST/STM32CubeIDE_1.19.0/STM32CubeIDE/plugins/com.st.stm32cube.ide.mcu.externaltools.gnu-tools-for-stm32.13.3.rel1.win32_1.0.0.202411081344/tools/bin/../lib/gcc/arm-none-eabi/13.3.1/thumb/v7-m/nofp\libgcc.a(_arm_cmpsf2.o)
                0x08000c98                __gesf2
                0x08000c98                __gtsf2
                0x08000ca0                __lesf2
                0x08000ca0                __ltsf2
                0x08000ca8                __nesf2
                0x08000ca8                __eqsf2
                0x08000ca8                __cmpsf2
                0x08000d08                __aeabi_cfrcmple
                0x08000d10                __aeabi_cfcmpeq
                0x08000d10                __aeabi_cfcmple
                0x08000d20                __aeabi_fcmpeq
                0x08000d34                __aeabi_fcmplt
                0x08000d48                __aeabi_fcmple
                0x08000d5c                __aeabi_fcmpge
                0x08000d70                __aeabi_fcmpgt
 .text          0x08000d84       0x40 C:/ST/STM32CubeIDE_1.19.0/STM32CubeIDE/plugins/com.st.stm32cube.ide.mcu.externaltools.gnu-tools-for-stm32.13.3.rel1.win32_1.0.0.202411081344/tools/bin/../lib/gcc/arm-none-eabi/13.3.1/thumb/v7-m/nofp\libgcc.a(_arm_fixunssfsi.o)
                0x08000d84                __fixunssfsi
                0x08000d84                __aeabi_f2uiz
 *(.text*)
 .text.keyboardActivity
                0x08000dc4       0xbc ./Src/activities.o
                0x08000dc4                keyboardActivity
 .text.carControllerActivity
                0x08000e80      0x408 ./Src/activities.o
                0x08000e80                carControllerActivity
 .text.getFingerMask
                0x08001288       0x5c ./Src/activities.o
                0x08001288                getFingerMask
 .text.enterCalibration
                0x080012e4      0x16c ./Src/activities.o
                0x080012e4                enterCalibration
 .text.mpuInit  0x08001450       0xe8 ./Src/activities.o
                0x08001450                mpuInit
 .text.checkButtonPress
                0x08001538       0x98 ./Src/button.o
                0x08001538                checkButtonPress
 .text.main     0x080015d0      0x18c ./Src/main.o
                0x080015d0                main
 .text.HardFault_Handler
                0x0800175c       0x5c ./Src/main.o
                0x0800175c                HardFault_Handler
 .text.RGBInit  0x080017b8       0x72 ./Src/rgb.o
                0x080017b8                RGBInit
 *fill*         0x0800182a        0x2 
 .text.setColor
                0x0800182c       0x94 ./Src/rgb.o
                0x0800182c                setColor
 .text.getStateColor
                0x080018c0       0x9c ./Src/rgb.o
                0x080018c0                getStateColor
 .text.getRainbowColor
                0x0800195c       0xcc ./Src/rgb.o
                0x0800195c                getRainbowColor
 .text.Reset_Handler
                0x08001a28       0x50 ./Startup/startup_stm32f103c6tx.o
                0x08001a28                Reset_Handler
 .text.Default_Handler
                0x08001a78        0x2 ./Startup/startup_stm32f103c6tx.o
                0x08001a78                TIM8_TRG_COM_IRQHandler
                0x08001a78                TIM8_CC_IRQHandler
                0x08001a78                DebugMon_Handler
                0x08001a78                TIM1_CC_IRQHandler
                0x08001a78                TIM6_IRQHandler
                0x08001a78                PVD_IRQHandler
                0x08001a78                SDIO_IRQHandler
                0x08001a78                PendSV_Handler
                0x08001a78                NMI_Handler
                0x08001a78                USB_HP_CAN_TX_IRQHandler
                0x08001a78                I2C2_EV_IRQHandler
                0x08001a78                UsageFault_Handler
                0x08001a78                ADC1_2_IRQHandler
                0x08001a78                SPI1_IRQHandler
                0x08001a78                CAN_SCE_IRQHandler
                0x08001a78                TAMPER_IRQHandler
                0x08001a78                TIM8_UP_IRQHandler
                0x08001a78                DMA2_Channel2_IRQHandler
                0x08001a78                DMA1_Channel4_IRQHandler
                0x08001a78                USART3_IRQHandler
                0x08001a78                RTC_IRQHandler
                0x08001a78                DMA1_Channel7_IRQHandler
                0x08001a78                UART5_IRQHandler
                0x08001a78                ADC3_IRQHandler
                0x08001a78                TIM4_IRQHandler
                0x08001a78                CAN_RX1_IRQHandler
                0x08001a78                DMA2_Channel1_IRQHandler
                0x08001a78                I2C1_EV_IRQHandler
                0x08001a78                DMA1_Channel6_IRQHandler
                0x08001a78                UART4_IRQHandler
                0x08001a78                RCC_IRQHandler
                0x08001a78                TIM1_TRG_COM_IRQHandler
                0x08001a78                DMA1_Channel1_IRQHandler
                0x08001a78                Default_Handler
                0x08001a78                TIM7_IRQHandler
                0x08001a78                TIM5_IRQHandler
                0x08001a78                SPI2_IRQHandler
                0x08001a78                USB_LP_CAN_RX0_IRQHandler
                0x08001a78                MemManage_Handler
                0x08001a78                SVC_Handler
                0x08001a78                DMA1_Channel5_IRQHandler
                0x08001a78                DMA1_Channel3_IRQHandler
                0x08001a78                FSMC_IRQHandler
                0x08001a78                TIM1_UP_IRQHandler
                0x08001a78                WWDG_IRQHandler
                0x08001a78                TIM2_IRQHandler
                0x08001a78                TIM1_BRK_IRQHandler
                0x08001a78                RTCAlarm_IRQHandler
                0x08001a78                DMA2_Channel4_5_IRQHandler
                0x08001a78                USART2_IRQHandler
                0x08001a78                I2C2_ER_IRQHandler
                0x08001a78                DMA1_Channel2_IRQHandler
                0x08001a78                TIM8_BRK_IRQHandler
                0x08001a78                FLASH_IRQHandler
                0x08001a78                BusFault_Handler
                0x08001a78                SPI3_IRQHandler
                0x08001a78                I2C1_ER_IRQHandler
                0x08001a78                DMA2_Channel3_IRQHandler
 *fill*         0x08001a7a        0x2 
 .text.getChannelNumber
                0x08001a7c       0x50 ./myhal/src/adc.o
                0x08001a7c                getChannelNumber
 .text.ADCInitMulti
                0x08001acc      0x1b4 ./myhal/src/adc.o
                0x08001acc                ADCInitMulti
 .text.DMAInit  0x08001c80       0x64 ./myhal/src/dma.o
                0x08001c80                DMAInit
 .text.__NVIC_EnableIRQ
                0x08001ce4       0x38 ./myhal/src/exti.o
 .text.extiInit
                0x08001d1c      0x13c ./myhal/src/exti.o
                0x08001d1c                extiInit
 .text.extiRegisterHandler
                0x08001e58       0x34 ./myhal/src/exti.o
                0x08001e58                extiRegisterHandler
 .text.extiGroupDispatch
                0x08001e8c       0x7c ./myhal/src/exti.o
 .text.EXTI0_IRQHandler
                0x08001f08       0x20 ./myhal/src/exti.o
                0x08001f08                EXTI0_IRQHandler
 .text.EXTI1_IRQHandler
                0x08001f28       0x20 ./myhal/src/exti.o
                0x08001f28                EXTI1_IRQHandler
 .text.EXTI2_IRQHandler
                0x08001f48       0x20 ./myhal/src/exti.o
                0x08001f48                EXTI2_IRQHandler
 .text.EXTI3_IRQHandler
                0x08001f68       0x20 ./myhal/src/exti.o
                0x08001f68                EXTI3_IRQHandler
 .text.EXTI4_IRQHandler
                0x08001f88       0x20 ./myhal/src/exti.o
                0x08001f88                EXTI4_IRQHandler
 .text.EXTI9_5_IRQHandler
                0x08001fa8       0x20 ./myhal/src/exti.o
                0x08001fa8                EXTI9_5_IRQHandler
 .text.EXTI15_10_IRQHandler
                0x08001fc8       0x20 ./myhal/src/exti.o
                0x08001fc8                EXTI15_10_IRQHandler
 .text.enableGPIOClock
                0x08001fe8       0x6c ./myhal/src/gpio.o
 .text.gpioPortIndex
                0x08002054       0x44 ./myhal/src/gpio.o
                0x08002054                gpioPortIndex
 .text.pinMode  0x08002098       0xec ./myhal/src/gpio.o
                0x08002098                pinMode
 .text.pinModeMulti
                0x08002184       0x4e ./myhal/src/gpio.o
                0x08002184                pinModeMulti
 *fill*         0x080021d2        0x2 
 .text.I2C_Init
                0x080021d4      0x108 ./myhal/src/i2c.o
                0x080021d4                I2C_Init
 .text.I2C_Start
                0x080022dc       0x2e ./myhal/src/i2c.o
                0x080022dc                I2C_Start
 .text.I2C_WriteByte
                0x0800230a       0x2c ./myhal/src/i2c.o
 .text.I2C_Send_Address_And_Reg
                0x08002336       0x58 ./myhal/src/i2c.o
 .text.I2C_WriteReg
                0x0800238e       0x44 ./myhal/src/i2c.o
                0x0800238e                I2C_WriteReg
 .text.I2C_Read_Burst
                0x080023d2       0xde ./myhal/src/i2c.o
                0x080023d2                I2C_Read_Burst
 .text.pwmInit  0x080024b0       0xc8 ./myhal/src/pwm.o
                0x080024b0                pwmInit
 .text.pwmWrite
                0x08002578       0x7c ./myhal/src/pwm.o
                0x08002578                pwmWrite
 .text.getTIMChannel
                0x080025f4       0x98 ./myhal/src/pwm.o
                0x080025f4                getTIMChannel
 .text.__NVIC_EnableIRQ
                0x0800268c       0x38 ./myhal/src/soft_uart.o
 .text.softUartInit
                0x080026c4       0xdc ./myhal/src/soft_uart.o
                0x080026c4                softUartInit
 .text.softUartRxStartHandler
                0x080027a0       0x88 ./myhal/src/soft_uart.o
 .text.softUartRxTimHandler
                0x08002828      0x134 ./myhal/src/soft_uart.o
 .text.txSetHigh
                0x0800295c       0x24 ./myhal/src/soft_uart.o
 .text.txSetLow
                0x08002980       0x24 ./myhal/src/soft_uart.o
 .text.softUartTxTimHandler
                0x080029a4       0x9c ./myhal/src/soft_uart.o
 .text.softUartStartTx
                0x08002a40       0x60 ./myhal/src/soft_uart.o
 .text.softUartPutChar
                0x08002aa0       0x68 ./myhal/src/soft_uart.o
                0x08002aa0                softUartPutChar
 .text.softUartTimDispatch
                0x08002b08       0x74 ./myhal/src/soft_uart.o
 .text.__NVIC_EnableIRQ
                0x08002b7c       0x38 ./myhal/src/tim.o
 .text.__NVIC_SetPriority
                0x08002bb4       0x54 ./myhal/src/tim.o
 .text.SysTick_Config
                0x08002c08       0x44 ./myhal/src/tim.o
 .text.getTimIndex
                0x08002c4c       0x30 ./myhal/src/tim.o
 .text.sysTickInit
                0x08002c7c       0x10 ./myhal/src/tim.o
                0x08002c7c                sysTickInit
 .text.millis   0x08002c8c       0x14 ./myhal/src/tim.o
                0x08002c8c                millis
 .text.SysTick_Handler
                0x08002ca0       0x1c ./myhal/src/tim.o
                0x08002ca0                SysTick_Handler
 .text.sysTickDelay
                0x08002cbc       0x2c ./myhal/src/tim.o
                0x08002cbc                sysTickDelay
 .text.timerInit
                0x08002ce8       0xac ./myhal/src/tim.o
                0x08002ce8                timerInit
 .text.timRegisterHandler
                0x08002d94       0x30 ./myhal/src/tim.o
                0x08002d94                timRegisterHandler
 .text.TIM3_IRQHandler
                0x08002dc4       0x38 ./myhal/src/tim.o
                0x08002dc4                TIM3_IRQHandler
 .text.__NVIC_EnableIRQ
                0x08002dfc       0x38 ./myhal/src/usart.o
 .text.usartInit
                0x08002e34      0x100 ./myhal/src/usart.o
                0x08002e34                usartInit
 .text.usartWriteLine
                0x08002f34       0xb8 ./myhal/src/usart.o
                0x08002f34                usartWriteLine
 .text.usartDiv
                0x08002fec       0x1c ./myhal/src/usart.o
                0x08002fec                usartDiv
 .text.usartIndex
                0x08003008       0x24 ./myhal/src/usart.o
                0x08003008                usartIndex
 .text.USART1_IRQHandler
                0x0800302c       0x14 ./myhal/src/usart.o
                0x0800302c                USART1_IRQHandler
 .text.USART_IRQHandler_Generic
                0x08003040      0x164 ./myhal/src/usart.o
                0x08003040                USART_IRQHandler_Generic
 .text.__libc_init_array
                0x080031a4       0x48 C:/ST/STM32CubeIDE_1.19.0/STM32CubeIDE/plugins/com.st.stm32cube.ide.mcu.externaltools.gnu-tools-for-stm32.13.3.rel1.win32_1.0.0.202411081344/tools/bin/../lib/gcc/arm-none-eabi/13.3.1/../../../../arm-none-eabi/lib/thumb/v7-m/nofp\libc_nano.a(libc_a-init.o)
                0x080031a4                __libc_init_array
 .text.atan2f   0x080031ec        0x4 C:/ST/STM32CubeIDE_1.19.0/STM32CubeIDE/plugins/com.st.stm32cube.ide.mcu.externaltools.gnu-tools-for-stm32.13.3.rel1.win32_1.0.0.202411081344/tools/bin/../lib/gcc/arm-none-eabi/13.3.1/../../../../arm-none-eabi/lib/thumb/v7-m/nofp\libm.a(libm_a-wf_atan2.o)
                0x080031ec                atan2f
 .text.__ieee754_atan2f
                0x080031f0      0x110 C:/ST/STM32CubeIDE_1.19.0/STM32CubeIDE/plugins/com.st.stm32cube.ide.mcu.externaltools.gnu-tools-for-stm32.13.3.rel1.win32_1.0.0.202411081344/tools/bin/../lib/gcc/arm-none-eabi/13.3.1/../../../../arm-none-eabi/lib/thumb/v7-m/nofp\libm.a(libm_a-ef_atan2.o)
                0x080031f0                __ieee754_atan2f
 .text.atanf    0x08003300      0x218 C:/ST/STM32CubeIDE_1.19.0/STM32CubeIDE/plugins/com.st.stm32cube.ide.mcu.externaltools.gnu-tools-for-stm32.13.3.rel1.win32_1.0.0.202411081344/tools/bin/../lib/gcc/arm-none-eabi/13.3.1/../../../../arm-none-eabi/lib/thumb/v7-m/nofp\libm.a(libm_a-sf_atan.o)
                0x08003300                atanf
 .text.fabsf    0x08003518        0x6 C:/ST/STM32CubeIDE_1.19.0/STM32CubeIDE/plugins/com.st.stm32cube.ide.mcu.externaltools.gnu-tools-for-stm32.13.3.rel1.win32_1.0.0.202411081344/tools/bin/../lib/gcc/arm-none-eabi/13.3.1/../../../../arm-none-eabi/lib/thumb/v7-m/nofp\libm.a(libm_a-sf_fabs.o)
                0x08003518                fabsf
 *(.glue_7)
 .glue_7        0x0800351e        0x0 linker stubs
 *(.glue_7t)
 .glue_7t       0x0800351e        0x0 linker stubs
 *(.eh_frame)
 *fill*         0x0800351e        0x2 
 .eh_frame      0x08003520        0x0 C:/ST/STM32CubeIDE_1.19.0/STM32CubeIDE/plugins/com.st.stm32cube.ide.mcu.externaltools.gnu-tools-for-stm32.13.3.rel1.win32_1.0.0.202411081344/tools/bin/../lib/gcc/arm-none-eabi/13.3.1/thumb/v7-m/nofp/crtbegin.o
 *(.init)
 .init          0x08003520        0x4 C:/ST/STM32CubeIDE_1.19.0/STM32CubeIDE/plugins/com.st.stm32cube.ide.mcu.externaltools.gnu-tools-for-stm32.13.3.rel1.win32_1.0.0.202411081344/tools/bin/../lib/gcc/arm-none-eabi/13.3.1/thumb/v7-m/nofp/crti.o
                0x08003520                _init
 .init          0x08003524        0x8 C:/ST/STM32CubeIDE_1.19.0/STM32CubeIDE/plugins/com.st.stm32cube.ide.mcu.externaltools.gnu-tools-for-stm32.13.3.rel1.win32_1.0.0.202411081344/tools/bin/../lib/gcc/arm-none-eabi/13.3.1/thumb/v7-m/nofp/crtn.o
 *(.fini)
 .fini          0x0800352c        0x4 C:/ST/STM32CubeIDE_1.19.0/STM32CubeIDE/plugins/com.st.stm32cube.ide.mcu.externaltools.gnu-tools-for-stm32.13.3.rel1.win32_1.0.0.202411081344/tools/bin/../lib/gcc/arm-none-eabi/13.3.1/thumb/v7-m/nofp/crti.o
                0x0800352c                _fini
 .fini          0x08003530        0x8 C:/ST/STM32CubeIDE_1.19.0/STM32CubeIDE/plugins/com.st.stm32cube.ide.mcu.externaltools.gnu-tools-for-stm32.13.3.rel1.win32_1.0.0.202411081344/tools/bin/../lib/gcc/arm-none-eabi/13.3.1/thumb/v7-m/nofp/crtn.o
                0x08003538                        . = ALIGN (0x4)
                0x08003538                        _etext = .

.vfp11_veneer   0x08003538        0x0
 .vfp11_veneer  0x08003538        0x0 linker stubs

.v4_bx          0x08003538        0x0
 .v4_bx         0x08003538        0x0 linker stubs

.iplt           0x08003538        0x0
 .iplt          0x08003538        0x0 C:/ST/STM32CubeIDE_1.19.0/STM32CubeIDE/plugins/com.st.stm32cube.ide.mcu.externaltools.gnu-tools-for-stm32.13.3.rel1.win32_1.0.0.202411081344/tools/bin/../lib/gcc/arm-none-eabi/13.3.1/thumb/v7-m/nofp/crtbegin.o

.rodata         0x08003538       0x8c
                0x08003538                        . = ALIGN (0x4)
 *(.rodata)
 .rodata        0x08003538        0x3 ./Src/main.o
 *fill*         0x0800353b        0x1 
 .rodata        0x0800353c       0x20 ./myhal/src/usart.o
 *(.rodata*)
 .rodata.hue_min.8
                0x0800355c        0x1 ./Src/activities.o
 .rodata.hue_max.7
                0x0800355d        0x1 ./Src/activities.o
 .rodata.hue_min.4
                0x0800355e        0x1 ./Src/activities.o
 .rodata.hue_max.3
                0x0800355f        0x1 ./Src/activities.o
 .rodata.mode_btn
                0x08003560        0x8 ./Src/glove_pins.o
                0x08003560                mode_btn
 .rodata.MPU_ADDR
                0x08003568        0x1 ./Src/glove_pins.o
                0x08003568                MPU_ADDR
 .rodata.REG_PWR_MGMT_1
                0x08003569        0x1 ./Src/glove_pins.o
                0x08003569                REG_PWR_MGMT_1
 .rodata.REG_ACCEL_XOUT_H
                0x0800356a        0x1 ./Src/glove_pins.o
                0x0800356a                REG_ACCEL_XOUT_H
 .rodata.SET_MPU_PWR_MGMT_1_WAKE
                0x0800356b        0x1 ./Src/glove_pins.o
                0x0800356b                SET_MPU_PWR_MGMT_1_WAKE
 .rodata.CCMR_OCxPE
                0x0800356c       0x10 ./myhal/src/pwm.o
                0x0800356c                CCMR_OCxPE
 .rodata.CCER_CCxE
                0x0800357c       0x10 ./myhal/src/pwm.o
                0x0800357c                CCER_CCxE
 .rodata.CSWTCH.9
                0x0800358c        0xc C:/ST/STM32CubeIDE_1.19.0/STM32CubeIDE/plugins/com.st.stm32cube.ide.mcu.externaltools.gnu-tools-for-stm32.13.3.rel1.win32_1.0.0.202411081344/tools/bin/../lib/gcc/arm-none-eabi/13.3.1/../../../../arm-none-eabi/lib/thumb/v7-m/nofp\libm.a(libm_a-ef_atan2.o)
 .rodata.CSWTCH.8
                0x08003598        0xc C:/ST/STM32CubeIDE_1.19.0/STM32CubeIDE/plugins/com.st.stm32cube.ide.mcu.externaltools.gnu-tools-for-stm32.13.3.rel1.win32_1.0.0.202411081344/tools/bin/../lib/gcc/arm-none-eabi/13.3.1/../../../../arm-none-eabi/lib/thumb/v7-m/nofp\libm.a(libm_a-ef_atan2.o)
 .rodata.atanlo
                0x080035a4       0x10 C:/ST/STM32CubeIDE_1.19.0/STM32CubeIDE/plugins/com.st.stm32cube.ide.mcu.externaltools.gnu-tools-for-stm32.13.3.rel1.win32_1.0.0.202411081344/tools/bin/../lib/gcc/arm-none-eabi/13.3.1/../../../../arm-none-eabi/lib/thumb/v7-m/nofp\libm.a(libm_a-sf_atan.o)
 .rodata.atanhi
                0x080035b4       0x10 C:/ST/STM32CubeIDE_1.19.0/STM32CubeIDE/plugins/com.st.stm32cube.ide.mcu.externaltools.gnu-tools-for-stm32.13.3.rel1.win32_1.0.0.202411081344/tools/bin/../lib/gcc/arm-none-eabi/13.3.1/../../../../arm-none-eabi/lib/thumb/v7-m/nofp\libm.a(libm_a-sf_atan.o)
                0x080035c4                        . = ALIGN (0x4)

.ARM.extab      0x080035c4        0x0
                0x080035c4                        . = ALIGN (0x4)
 *(.ARM.extab* .gnu.linkonce.armextab.*)
                0x080035c4                        . = ALIGN (0x4)

.ARM            0x080035c4        0x0
                0x080035c4                        . = ALIGN (0x4)
                0x080035c4                        __exidx_start = .
 *(.ARM.exidx*)
                0x080035c4                        __exidx_end = .
                0x080035c4                        . = ALIGN (0x4)

.preinit_array  0x080035c4        0x0
                0x080035c4                        . = ALIGN (0x4)
                0x080035c4                        PROVIDE (__preinit_array_start = .)
 *(.preinit_array*)
                0x080035c4                        PROVIDE (__preinit_array_end = .)
                0x080035c4                        . = ALIGN (0x4)

.init_array     0x080035c4        0x4
                0x080035c4                        . = ALIGN (0x4)
                0x080035c4                        PROVIDE (__init_array_start = .)
 *(SORT_BY_NAME(.init_array.*))
 *(.init_array*)
 .init_array    0x080035c4        0x4 C:/ST/STM32CubeIDE_1.19.0/STM32CubeIDE/plugins/com.st.stm32cube.ide.mcu.externaltools.gnu-tools-for-stm32.13.3.rel1.win32_1.0.0.202411081344/tools/bin/../lib/gcc/arm-none-eabi/13.3.1/thumb/v7-m/nofp/crtbegin.o
                0x080035c8                        PROVIDE (__init_array_end = .)
                0x080035c8                        . = ALIGN (0x4)

.fini_array     0x080035c8        0x4
                0x080035c8                        . = ALIGN (0x4)
                [!provide]                        PROVIDE (__fini_array_start = .)
 *(SORT_BY_NAME(.fini_array.*))
 *(.fini_array*)
 .fini_array    0x080035c8        0x4 C:/ST/STM32CubeIDE_1.19.0/STM32CubeIDE/plugins/com.st.stm32cube.ide.mcu.externaltools.gnu-tools-for-stm32.13.3.rel1.win32_1.0.0.202411081344/tools/bin/../lib/gcc/arm-none-eabi/13.3.1/thumb/v7-m/nofp/crtbegin.o
                [!provide]                        PROVIDE (__fini_array_end = .)
                0x080035cc                        . = ALIGN (0x4)
                0x080035cc                        _sidata = LOADADDR (.data)

.rel.dyn        0x080035cc        0x0
 .rel.iplt      0x080035cc        0x0 C:/ST/STM32CubeIDE_1.19.0/STM32CubeIDE/plugins/com.st.stm32cube.ide.mcu.externaltools.gnu-tools-for-stm32.13.3.rel1.win32_1.0.0.202411081344/tools/bin/../lib/gcc/arm-none-eabi/13.3.1/thumb/v7-m/nofp/crtbegin.o

.data           0x20000000      0x144 load address 0x080035cc
                0x20000000                        . = ALIGN (0x4)
                0x20000000                        _sdata = .
 *(.data)
 *(.data*)
 .data.fingers_thresholds
                0x20000000        0xa ./Src/activities.o
                0x20000000                fingers_thresholds
 *fill*         0x2000000a        0x2 
 .data.SURx     0x2000000c        0x8 ./Src/glove_pins.o
                0x2000000c                SURx
 .data.SUTx     0x20000014        0x8 ./Src/glove_pins.o
                0x20000014                SUTx
 .data.ADC_pins
                0x2000001c       0x28 ./Src/glove_pins.o
                0x2000001c                ADC_pins
 .data.RGB_R    0x20000044        0x8 ./Src/glove_pins.o
                0x20000044                RGB_R
 .data.RGB_G    0x2000004c        0x8 ./Src/glove_pins.o
                0x2000004c                RGB_G
 .data.RGB_B    0x20000054        0x8 ./Src/glove_pins.o
                0x20000054                RGB_B
 .data.SDA      0x2000005c        0x8 ./Src/glove_pins.o
                0x2000005c                SDA
 .data.SCL      0x20000064        0x8 ./Src/glove_pins.o
                0x20000064                SCL
 .data.C_YELLOW
                0x2000006c        0x3 ./Src/rgb.o
                0x2000006c                C_YELLOW
 *fill*         0x2000006f        0x1 
 .data.C_WHITE  0x20000070        0x3 ./Src/rgb.o
                0x20000070                C_WHITE
 .data.forwards.0
                0x20000073        0x1 ./Src/rgb.o
 .data.map      0x20000074       0xd0 ./myhal/src/pwm.o
                0x20000074                map
 *(.RamFunc)
 *(.RamFunc*)
                0x20000144                        . = ALIGN (0x4)
                0x20000144                        _edata = .

.igot.plt       0x20000144        0x0 load address 0x08003710
 .igot.plt      0x20000144        0x0 C:/ST/STM32CubeIDE_1.19.0/STM32CubeIDE/plugins/com.st.stm32cube.ide.mcu.externaltools.gnu-tools-for-stm32.13.3.rel1.win32_1.0.0.202411081344/tools/bin/../lib/gcc/arm-none-eabi/13.3.1/thumb/v7-m/nofp/crtbegin.o
                0x20000144                        . = ALIGN (0x4)

.bss            0x20000144      0x530 load address 0x08003710
                0x20000144                        _sbss = .
                0x20000144                        __bss_start__ = _sbss
 *(.bss)
 .bss           0x20000144       0x1c C:/ST/STM32CubeIDE_1.19.0/STM32CubeIDE/plugins/com.st.stm32cube.ide.mcu.externaltools.gnu-tools-for-stm32.13.3.rel1.win32_1.0.0.202411081344/tools/bin/../lib/gcc/arm-none-eabi/13.3.1/thumb/v7-m/nofp/crtbegin.o
 *(.bss*)
 .bss.angleP    0x20000160        0x4 ./Src/activities.o
                0x20000160                angleP
 .bss.angleR    0x20000164        0x4 ./Src/activities.o
                0x20000164                angleR
 .bss.gx_offset
                0x20000168        0x4 ./Src/activities.o
                0x20000168                gx_offset
 .bss.gy_offset
                0x2000016c        0x4 ./Src/activities.o
                0x2000016c                gy_offset
 .bss.last_gradient.9
                0x20000170        0x4 ./Src/activities.o
 .bss.last_send_time.6
                0x20000174        0x4 ./Src/activities.o
 .bss.last_gradient.5
                0x20000178        0x4 ./Src/activities.o
 .bss.last_send_time.2
                0x2000017c        0x4 ./Src/activities.o
 .bss.prev_time.1
                0x20000180        0x4 ./Src/activities.o
 .bss.btn_was_pressed.1
                0x20000184        0x1 ./Src/button.o
 *fill*         0x20000185        0x3 
 .bss.btn_press_start.0
                0x20000188        0x4 ./Src/button.o
 .bss.adc_fingers
                0x2000018c        0xa ./Src/glove_pins.o
                0x2000018c                adc_fingers
 .bss.current_mode
                0x20000196        0x1 ./Src/glove_pins.o
                0x20000196                current_mode
 *fill*         0x20000197        0x1 
 .bss.mpu_imu   0x20000198        0xc ./Src/glove_pins.o
                0x20000198                mpu_imu
 .bss.hue.1     0x200001a4        0x1 ./Src/rgb.o
 *fill*         0x200001a5        0x3 
 .bss.exti_handlers
                0x200001a8       0x40 ./myhal/src/exti.o
 .bss.soft_uart_rx_buffer
                0x200001e8       0x20 ./myhal/src/soft_uart.o
                0x200001e8                soft_uart_rx_buffer
 .bss.soft_uart_tx_buffer
                0x20000208       0x20 ./myhal/src/soft_uart.o
                0x20000208                soft_uart_tx_buffer
 .bss.rx_tail   0x20000228        0x2 ./myhal/src/soft_uart.o
                0x20000228                rx_tail
 .bss.rx_head   0x2000022a        0x2 ./myhal/src/soft_uart.o
                0x2000022a                rx_head
 .bss.tx_tail   0x2000022c        0x2 ./myhal/src/soft_uart.o
                0x2000022c                tx_tail
 .bss.tx_head   0x2000022e        0x2 ./myhal/src/soft_uart.o
                0x2000022e                tx_head
 .bss.rx_state  0x20000230        0x8 ./myhal/src/soft_uart.o
 .bss.tx_state  0x20000238        0x3 ./myhal/src/soft_uart.o
 *fill*         0x2000023b        0x1 
 .bss.soft_uart_rx_pin
                0x2000023c        0x8 ./myhal/src/soft_uart.o
                0x2000023c                soft_uart_rx_pin
 .bss.soft_uart_tx_pin
                0x20000244        0x8 ./myhal/src/soft_uart.o
                0x20000244                soft_uart_tx_pin
 .bss.msTicks   0x2000024c        0x4 ./myhal/src/tim.o
                0x2000024c                msTicks
 .bss.tim_handlers
                0x20000250        0xc ./myhal/src/tim.o
 .bss.rx_heads  0x2000025c        0x4 ./myhal/src/usart.o
                0x2000025c                rx_heads
 .bss.tx_heads  0x20000260        0x4 ./myhal/src/usart.o
                0x20000260                tx_heads
 .bss.rx_tails  0x20000264        0x4 ./myhal/src/usart.o
                0x20000264                rx_tails
 .bss.tx_tails  0x20000268        0x4 ./myhal/src/usart.o
                0x20000268                tx_tails
 .bss.usartRXBuffers
                0x2000026c      0x202 ./myhal/src/usart.o
                0x2000026c                usartRXBuffers
 *fill*         0x2000046e        0x2 
 .bss.usartTXBuffers
                0x20000470      0x202 ./myhal/src/usart.o
                0x20000470                usartTXBuffers
 *(COMMON)
                0x20000674                        . = ALIGN (0x4)
 *fill*         0x20000672        0x2 
                0x20000674                        _ebss = .
                0x20000674                        __bss_end__ = _ebss

._user_heap_stack
                0x20000674      0x604 load address 0x08003710
                0x20000678                        . = ALIGN (0x8)
 *fill*         0x20000674        0x4 
                [!provide]                        PROVIDE (end = .)
                0x20000678                        PROVIDE (_end = .)
                0x20000878                        . = (. + _Min_Heap_Size)
 *fill*         0x20000678      0x200 
                0x20000c78                        . = (. + _Min_Stack_Size)
 *fill*         0x20000878      0x400 
                0x20000c78                        . = ALIGN (0x8)

/DISCARD/
 libc.a(*)
 libm.a(*)
 libgcc.a(*)

.ARM.attributes
                0x00000000       0x29
 *(.ARM.attributes)
 .ARM.attributes
                0x00000000       0x1d C:/ST/STM32CubeIDE_1.19.0/STM32CubeIDE/plugins/com.st.stm32cube.ide.mcu.externaltools.gnu-tools-for-stm32.13.3.rel1.win32_1.0.0.202411081344/tools/bin/../lib/gcc/arm-none-eabi/13.3.1/thumb/v7-m/nofp/crti.o
 .ARM.attributes
                0x0000001d       0x2d C:/ST/STM32CubeIDE_1.19.0/STM32CubeIDE/plugins/com.st.stm32cube.ide.mcu.externaltools.gnu-tools-for-stm32.13.3.rel1.win32_1.0.0.202411081344/tools/bin/../lib/gcc/arm-none-eabi/13.3.1/thumb/v7-m/nofp/crtbegin.o
 .ARM.attributes
                0x0000004a       0x2d ./Src/activities.o
 .ARM.attributes
                0x00000077       0x2d ./Src/button.o
 .ARM.attributes
                0x000000a4       0x2d ./Src/glove_pins.o
 .ARM.attributes
                0x000000d1       0x2d ./Src/main.o
 .ARM.attributes
                0x000000fe       0x2d ./Src/rgb.o
 .ARM.attributes
                0x0000012b       0x21 ./Startup/startup_stm32f103c6tx.o
 .ARM.attributes
                0x0000014c       0x2d ./myhal/src/adc.o
 .ARM.attributes
                0x00000179       0x2d ./myhal/src/dma.o
 .ARM.attributes
                0x000001a6       0x2d ./myhal/src/exti.o
 .ARM.attributes
                0x000001d3       0x2d ./myhal/src/gpio.o
 .ARM.attributes
                0x00000200       0x2d ./myhal/src/i2c.o
 .ARM.attributes
                0x0000022d       0x2d ./myhal/src/pwm.o
 .ARM.attributes
                0x0000025a       0x2d ./myhal/src/soft_uart.o
 .ARM.attributes
                0x00000287       0x2d ./myhal/src/tim.o
 .ARM.attributes
                0x000002b4       0x2d ./myhal/src/usart.o
 .ARM.attributes
                0x000002e1       0x2d C:/ST/STM32CubeIDE_1.19.0/STM32CubeIDE/plugins/com.st.stm32cube.ide.mcu.externaltools.gnu-tools-for-stm32.13.3.rel1.win32_1.0.0.202411081344/tools/bin/../lib/gcc/arm-none-eabi/13.3.1/../../../../arm-none-eabi/lib/thumb/v7-m/nofp\libc_nano.a(libc_a-init.o)
 .ARM.attributes
                0x0000030e       0x2d C:/ST/STM32CubeIDE_1.19.0/STM32CubeIDE/plugins/com.st.stm32cube.ide.mcu.externaltools.gnu-tools-for-stm32.13.3.rel1.win32_1.0.0.202411081344/tools/bin/../lib/gcc/arm-none-eabi/13.3.1/../../../../arm-none-eabi/lib/thumb/v7-m/nofp\libm.a(libm_a-wf_atan2.o)
 .ARM.attributes
                0x0000033b       0x2d C:/ST/STM32CubeIDE_1.19.0/STM32CubeIDE/plugins/com.st.stm32cube.ide.mcu.externaltools.gnu-tools-for-stm32.13.3.rel1.win32_1.0.0.202411081344/tools/bin/../lib/gcc/arm-none-eabi/13.3.1/../../../../arm-none-eabi/lib/thumb/v7-m/nofp\libm.a(libm_a-ef_atan2.o)
 .ARM.attributes
                0x00000368       0x2d C:/ST/STM32CubeIDE_1.19.0/STM32CubeIDE/plugins/com.st.stm32cube.ide.mcu.externaltools.gnu-tools-for-stm32.13.3.rel1.win32_1.0.0.202411081344/tools/bin/../lib/gcc/arm-none-eabi/13.3.1/../../../../arm-none-eabi/lib/thumb/v7-m/nofp\libm.a(libm_a-sf_atan.o)
 .ARM.attributes
                0x00000395       0x2d C:/ST/STM32CubeIDE_1.19.0/STM32CubeIDE/plugins/com.st.stm32cube.ide.mcu.externaltools.gnu-tools-for-stm32.13.3.rel1.win32_1.0.0.202411081344/tools/bin/../lib/gcc/arm-none-eabi/13.3.1/../../../../arm-none-eabi/lib/thumb/v7-m/nofp\libm.a(libm_a-sf_fabs.o)
 .ARM.attributes
                0x000003c2       0x1d C:/ST/STM32CubeIDE_1.19.0/STM32CubeIDE/plugins/com.st.stm32cube.ide.mcu.externaltools.gnu-tools-for-stm32.13.3.rel1.win32_1.0.0.202411081344/tools/bin/../lib/gcc/arm-none-eabi/13.3.1/thumb/v7-m/nofp\libgcc.a(_arm_muldf3.o)
 .ARM.attributes
                0x000003df       0x1d C:/ST/STM32CubeIDE_1.19.0/STM32CubeIDE/plugins/com.st.stm32cube.ide.mcu.externaltools.gnu-tools-for-stm32.13.3.rel1.win32_1.0.0.202411081344/tools/bin/../lib/gcc/arm-none-eabi/13.3.1/thumb/v7-m/nofp\libgcc.a(_arm_addsubdf3.o)
 .ARM.attributes
                0x000003fc       0x1d C:/ST/STM32CubeIDE_1.19.0/STM32CubeIDE/plugins/com.st.stm32cube.ide.mcu.externaltools.gnu-tools-for-stm32.13.3.rel1.win32_1.0.0.202411081344/tools/bin/../lib/gcc/arm-none-eabi/13.3.1/thumb/v7-m/nofp\libgcc.a(_arm_truncdfsf2.o)
 .ARM.attributes
                0x00000419       0x1d C:/ST/STM32CubeIDE_1.19.0/STM32CubeIDE/plugins/com.st.stm32cube.ide.mcu.externaltools.gnu-tools-for-stm32.13.3.rel1.win32_1.0.0.202411081344/tools/bin/../lib/gcc/arm-none-eabi/13.3.1/thumb/v7-m/nofp\libgcc.a(_arm_addsubsf3.o)
 .ARM.attributes
                0x00000436       0x1d C:/ST/STM32CubeIDE_1.19.0/STM32CubeIDE/plugins/com.st.stm32cube.ide.mcu.externaltools.gnu-tools-for-stm32.13.3.rel1.win32_1.0.0.202411081344/tools/bin/../lib/gcc/arm-none-eabi/13.3.1/thumb/v7-m/nofp\libgcc.a(_arm_muldivsf3.o)
 .ARM.attributes
                0x00000453       0x1d C:/ST/STM32CubeIDE_1.19.0/STM32CubeIDE/plugins/com.st.stm32cube.ide.mcu.externaltools.gnu-tools-for-stm32.13.3.rel1.win32_1.0.0.202411081344/tools/bin/../lib/gcc/arm-none-eabi/13.3.1/thumb/v7-m/nofp\libgcc.a(_arm_cmpsf2.o)
 .ARM.attributes
                0x00000470       0x1d C:/ST/STM32CubeIDE_1.19.0/STM32CubeIDE/plugins/com.st.stm32cube.ide.mcu.externaltools.gnu-tools-for-stm32.13.3.rel1.win32_1.0.0.202411081344/tools/bin/../lib/gcc/arm-none-eabi/13.3.1/thumb/v7-m/nofp\libgcc.a(_arm_fixunssfsi.o)
 .ARM.attributes
                0x0000048d       0x1d C:/ST/STM32CubeIDE_1.19.0/STM32CubeIDE/plugins/com.st.stm32cube.ide.mcu.externaltools.gnu-tools-for-stm32.13.3.rel1.win32_1.0.0.202411081344/tools/bin/../lib/gcc/arm-none-eabi/13.3.1/thumb/v7-m/nofp/crtn.o
OUTPUT(Glove.elf elf32-littlearm)
LOAD linker stubs
LOAD C:/ST/STM32CubeIDE_1.19.0/STM32CubeIDE/plugins/com.st.stm32cube.ide.mcu.externaltools.gnu-tools-for-stm32.13.3.rel1.win32_1.0.0.202411081344/tools/bin/../lib/gcc/arm-none-eabi/13.3.1/../../../../arm-none-eabi/lib/thumb/v7-m/nofp\libc.a
LOAD C:/ST/STM32CubeIDE_1.19.0/STM32CubeIDE/plugins/com.st.stm32cube.ide.mcu.externaltools.gnu-tools-for-stm32.13.3.rel1.win32_1.0.0.202411081344/tools/bin/../lib/gcc/arm-none-eabi/13.3.1/../../../../arm-none-eabi/lib/thumb/v7-m/nofp\libm.a
LOAD C:/ST/STM32CubeIDE_1.19.0/STM32CubeIDE/plugins/com.st.stm32cube.ide.mcu.externaltools.gnu-tools-for-stm32.13.3.rel1.win32_1.0.0.202411081344/tools/bin/../lib/gcc/arm-none-eabi/13.3.1/thumb/v7-m/nofp\libgcc.a

.debug_info     0x00000000     0x542e
 .debug_info    0x00000000      0x971 ./Src/activities.o
 .debug_info    0x00000971      0x209 ./Src/button.o
 .debug_info    0x00000b7a      0x4f8 ./Src/glove_pins.o
 .debug_info    0x00001072      0x7a9 ./Src/main.o
 .debug_info    0x0000181b      0x4b1 ./Src/rgb.o
 .debug_info    0x00001ccc       0x30 ./Startup/startup_stm32f103c6tx.o
 .debug_info    0x00001cfc      0x3c8 ./myhal/src/adc.o
 .debug_info    0x000020c4      0x1cd ./myhal/src/dma.o
 .debug_info    0x00002291      0x790 ./myhal/src/exti.o
 .debug_info    0x00002a21      0x3e4 ./myhal/src/gpio.o
 .debug_info    0x00002e05      0x4e2 ./myhal/src/i2c.o
 .debug_info    0x000032e7      0x4ab ./myhal/src/pwm.o
 .debug_info    0x00003792      0x9b8 ./myhal/src/soft_uart.o
 .debug_info    0x0000414a      0x905 ./myhal/src/tim.o
 .debug_info    0x00004a4f      0x9df ./myhal/src/usart.o

.debug_abbrev   0x00000000     0x1937
 .debug_abbrev  0x00000000      0x233 ./Src/activities.o
 .debug_abbrev  0x00000233      0x128 ./Src/button.o
 .debug_abbrev  0x0000035b      0x12e ./Src/glove_pins.o
 .debug_abbrev  0x00000489      0x1ff ./Src/main.o
 .debug_abbrev  0x00000688      0x1bb ./Src/rgb.o
 .debug_abbrev  0x00000843       0x24 ./Startup/startup_stm32f103c6tx.o
 .debug_abbrev  0x00000867      0x159 ./myhal/src/adc.o
 .debug_abbrev  0x000009c0       0xc1 ./myhal/src/dma.o
 .debug_abbrev  0x00000a81      0x231 ./myhal/src/exti.o
 .debug_abbrev  0x00000cb2      0x175 ./myhal/src/gpio.o
 .debug_abbrev  0x00000e27      0x1cc ./myhal/src/i2c.o
 .debug_abbrev  0x00000ff3      0x1b7 ./myhal/src/pwm.o
 .debug_abbrev  0x000011aa      0x2bf ./myhal/src/soft_uart.o
 .debug_abbrev  0x00001469      0x24a ./myhal/src/tim.o
 .debug_abbrev  0x000016b3      0x284 ./myhal/src/usart.o

.debug_aranges  0x00000000      0x418
 .debug_aranges
                0x00000000       0x50 ./Src/activities.o
 .debug_aranges
                0x00000050       0x20 ./Src/button.o
 .debug_aranges
                0x00000070       0x18 ./Src/glove_pins.o
 .debug_aranges
                0x00000088       0x28 ./Src/main.o
 .debug_aranges
                0x000000b0       0x38 ./Src/rgb.o
 .debug_aranges
                0x000000e8       0x28 ./Startup/startup_stm32f103c6tx.o
 .debug_aranges
                0x00000110       0x28 ./myhal/src/adc.o
 .debug_aranges
                0x00000138       0x20 ./myhal/src/dma.o
 .debug_aranges
                0x00000158       0x78 ./myhal/src/exti.o
 .debug_aranges
                0x000001d0       0x50 ./myhal/src/gpio.o
 .debug_aranges
                0x00000220       0x58 ./myhal/src/i2c.o
 .debug_aranges
                0x00000278       0x30 ./myhal/src/pwm.o
 .debug_aranges
                0x000002a8       0x80 ./myhal/src/soft_uart.o
 .debug_aranges
                0x00000328       0x70 ./myhal/src/tim.o
 .debug_aranges
                0x00000398       0x80 ./myhal/src/usart.o

.debug_rnglists
                0x00000000      0x309
 .debug_rnglists
                0x00000000       0x3d ./Src/activities.o
 .debug_rnglists
                0x0000003d       0x14 ./Src/button.o
 .debug_rnglists
                0x00000051       0x1a ./Src/main.o
 .debug_rnglists
                0x0000006b       0x28 ./Src/rgb.o
 .debug_rnglists
                0x00000093       0x19 ./Startup/startup_stm32f103c6tx.o
 .debug_rnglists
                0x000000ac       0x1a ./myhal/src/adc.o
 .debug_rnglists
                0x000000c6       0x13 ./myhal/src/dma.o
 .debug_rnglists
                0x000000d9       0x56 ./myhal/src/exti.o
 .debug_rnglists
                0x0000012f       0x38 ./myhal/src/gpio.o
 .debug_rnglists
                0x00000167       0x3f ./myhal/src/i2c.o
 .debug_rnglists
                0x000001a6       0x21 ./myhal/src/pwm.o
 .debug_rnglists
                0x000001c7       0x6b ./myhal/src/soft_uart.o
 .debug_rnglists
                0x00000232       0x50 ./myhal/src/tim.o
 .debug_rnglists
                0x00000282       0x87 ./myhal/src/usart.o

.debug_macro    0x00000000    0x11ba7
 .debug_macro   0x00000000      0x227 ./Src/activities.o
 .debug_macro   0x00000227      0xad2 ./Src/activities.o
 .debug_macro   0x00000cf9       0x22 ./Src/activities.o
 .debug_macro   0x00000d1b       0x5b ./Src/activities.o
 .debug_macro   0x00000d76       0x24 ./Src/activities.o
 .debug_macro   0x00000d9a       0x94 ./Src/activities.o
 .debug_macro   0x00000e2e       0x43 ./Src/activities.o
 .debug_macro   0x00000e71       0x34 ./Src/activities.o
 .debug_macro   0x00000ea5      0x190 ./Src/activities.o
 .debug_macro   0x00001035       0x57 ./Src/activities.o
 .debug_macro   0x0000108c      0x370 ./Src/activities.o
 .debug_macro   0x000013fc       0x16 ./Src/activities.o
 .debug_macro   0x00001412       0x4a ./Src/activities.o
 .debug_macro   0x0000145c       0x34 ./Src/activities.o
 .debug_macro   0x00001490       0x10 ./Src/activities.o
 .debug_macro   0x000014a0       0x58 ./Src/activities.o
 .debug_macro   0x000014f8       0x8e ./Src/activities.o
 .debug_macro   0x00001586       0x1c ./Src/activities.o
 .debug_macro   0x000015a2      0x185 ./Src/activities.o
 .debug_macro   0x00001727      0x19b ./Src/activities.o
 .debug_macro   0x000018c2       0x10 ./Src/activities.o
 .debug_macro   0x000018d2       0x28 ./Src/activities.o
 .debug_macro   0x000018fa       0x22 ./Src/activities.o
 .debug_macro   0x0000191c      0x103 ./Src/activities.o
 .debug_macro   0x00001a1f       0x6a ./Src/activities.o
 .debug_macro   0x00001a89      0x1df ./Src/activities.o
 .debug_macro   0x00001c68       0x1c ./Src/activities.o
 .debug_macro   0x00001c84       0x22 ./Src/activities.o
 .debug_macro   0x00001ca6       0xbd ./Src/activities.o
 .debug_macro   0x00001d63      0xd23 ./Src/activities.o
 .debug_macro   0x00002a86     0xde75 ./Src/activities.o
 .debug_macro   0x000108fb       0x6d ./Src/activities.o
 .debug_macro   0x00010968       0x52 ./Src/activities.o
 .debug_macro   0x000109ba       0x16 ./Src/activities.o
 .debug_macro   0x000109d0       0x10 ./Src/activities.o
 .debug_macro   0x000109e0       0x16 ./Src/activities.o
 .debug_macro   0x000109f6       0x10 ./Src/activities.o
 .debug_macro   0x00010a06       0x16 ./Src/activities.o
 .debug_macro   0x00010a1c       0x10 ./Src/activities.o
 .debug_macro   0x00010a2c       0x16 ./Src/activities.o
 .debug_macro   0x00010a42      0x15d ./Src/button.o
 .debug_macro   0x00010b9f       0x8e ./Src/button.o
 .debug_macro   0x00010c2d       0x51 ./Src/button.o
 .debug_macro   0x00010c7e       0x10 ./Src/button.o
 .debug_macro   0x00010c8e      0x16f ./Src/glove_pins.o
 .debug_macro   0x00010dfd      0x182 ./Src/main.o
 .debug_macro   0x00010f7f      0x107 ./Src/rgb.o
 .debug_macro   0x00011086       0xea ./myhal/src/adc.o
 .debug_macro   0x00011170       0xeb ./myhal/src/dma.o
 .debug_macro   0x0001125b       0xeb ./myhal/src/exti.o
 .debug_macro   0x00011346       0xe1 ./myhal/src/gpio.o
 .debug_macro   0x00011427       0xeb ./myhal/src/i2c.o
 .debug_macro   0x00011512       0xf9 ./myhal/src/pwm.o
 .debug_macro   0x0001160b      0x10e ./myhal/src/soft_uart.o
 .debug_macro   0x00011719       0xdc ./myhal/src/tim.o
 .debug_macro   0x000117f5      0x1c6 ./myhal/src/usart.o
 .debug_macro   0x000119bb       0x16 ./myhal/src/usart.o
 .debug_macro   0x000119d1       0x9e ./myhal/src/usart.o
 .debug_macro   0x00011a6f      0x112 ./myhal/src/usart.o
 .debug_macro   0x00011b81       0x16 ./myhal/src/usart.o
 .debug_macro   0x00011b97       0x10 ./myhal/src/usart.o

.debug_line     0x00000000     0x6b48
 .debug_line    0x00000000      0xb49 ./Src/activities.o
 .debug_line    0x00000b49      0x658 ./Src/button.o
 .debug_line    0x000011a1      0x5fa ./Src/glove_pins.o
 .debug_line    0x0000179b      0x696 ./Src/main.o
 .debug_line    0x00001e31      0x684 ./Src/rgb.o
 .debug_line    0x000024b5       0x7b ./Startup/startup_stm32f103c6tx.o
 .debug_line    0x00002530      0x721 ./myhal/src/adc.o
 .debug_line    0x00002c51      0x5c7 ./myhal/src/dma.o
 .debug_line    0x00003218      0x82a ./myhal/src/exti.o
 .debug_line    0x00003a42      0x73a ./myhal/src/gpio.o
 .debug_line    0x0000417c      0x815 ./myhal/src/i2c.o
 .debug_line    0x00004991      0x6ed ./myhal/src/pwm.o
 .debug_line    0x0000507e      0x915 ./myhal/src/soft_uart.o
 .debug_line    0x00005993      0x77c ./myhal/src/tim.o
 .debug_line    0x0000610f      0xa39 ./myhal/src/usart.o

.debug_str      0x00000000    0x58b8b
 .debug_str     0x00000000    0x58b8b ./Src/activities.o
                              0x57820 (size before relaxing)
 .debug_str     0x00058b8b    0x53b82 ./Src/button.o
 .debug_str     0x00058b8b    0x53cb5 ./Src/glove_pins.o
 .debug_str     0x00058b8b    0x53e4f ./Src/main.o
 .debug_str     0x00058b8b    0x53a81 ./Src/rgb.o
 .debug_str     0x00058b8b       0x64 ./Startup/startup_stm32f103c6tx.o
 .debug_str     0x00058b8b    0x53a8d ./myhal/src/adc.o
 .debug_str     0x00058b8b    0x539fd ./myhal/src/dma.o
 .debug_str     0x00058b8b    0x53f2d ./myhal/src/exti.o
 .debug_str     0x00058b8b    0x53a5b ./myhal/src/gpio.o
 .debug_str     0x00058b8b    0x53a67 ./myhal/src/i2c.o
 .debug_str     0x00058b8b    0x53a87 ./myhal/src/pwm.o
 .debug_str     0x00058b8b    0x54085 ./myhal/src/soft_uart.o
 .debug_str     0x00058b8b    0x53d24 ./myhal/src/tim.o
 .debug_str     0x00058b8b    0x57684 ./myhal/src/usart.o

.comment        0x00000000       0x43
 .comment       0x00000000       0x43 ./Src/activities.o
                                 0x44 (size before relaxing)
 .comment       0x00000043       0x44 ./Src/button.o
 .comment       0x00000043       0x44 ./Src/glove_pins.o
 .comment       0x00000043       0x44 ./Src/main.o
 .comment       0x00000043       0x44 ./Src/rgb.o
 .comment       0x00000043       0x44 ./myhal/src/adc.o
 .comment       0x00000043       0x44 ./myhal/src/dma.o
 .comment       0x00000043       0x44 ./myhal/src/exti.o
 .comment       0x00000043       0x44 ./myhal/src/gpio.o
 .comment       0x00000043       0x44 ./myhal/src/i2c.o
 .comment       0x00000043       0x44 ./myhal/src/pwm.o
 .comment       0x00000043       0x44 ./myhal/src/soft_uart.o
 .comment       0x00000043       0x44 ./myhal/src/tim.o
 .comment       0x00000043       0x44 ./myhal/src/usart.o

.debug_frame    0x00000000     0x1018
 .debug_frame   0x00000000      0x134 ./Src/activities.o
 .debug_frame   0x00000134       0x34 ./Src/button.o
 .debug_frame   0x00000168       0x54 ./Src/main.o
 .debug_frame   0x000001bc       0xac ./Src/rgb.o
 .debug_frame   0x00000268       0x5c ./myhal/src/adc.o
 .debug_frame   0x000002c4       0x38 ./myhal/src/dma.o
 .debug_frame   0x000002fc      0x194 ./myhal/src/exti.o
 .debug_frame   0x00000490      0x124 ./myhal/src/gpio.o
 .debug_frame   0x000005b4      0x144 ./myhal/src/i2c.o
 .debug_frame   0x000006f8       0x80 ./myhal/src/pwm.o
 .debug_frame   0x00000778      0x1e0 ./myhal/src/soft_uart.o
 .debug_frame   0x00000958      0x190 ./myhal/src/tim.o
 .debug_frame   0x00000ae8      0x1e8 ./myhal/src/usart.o
 .debug_frame   0x00000cd0       0x2c C:/ST/STM32CubeIDE_1.19.0/STM32CubeIDE/plugins/com.st.stm32cube.ide.mcu.externaltools.gnu-tools-for-stm32.13.3.rel1.win32_1.0.0.202411081344/tools/bin/../lib/gcc/arm-none-eabi/13.3.1/../../../../arm-none-eabi/lib/thumb/v7-m/nofp\libc_nano.a(libc_a-init.o)
 .debug_frame   0x00000cfc       0x20 C:/ST/STM32CubeIDE_1.19.0/STM32CubeIDE/plugins/com.st.stm32cube.ide.mcu.externaltools.gnu-tools-for-stm32.13.3.rel1.win32_1.0.0.202411081344/tools/bin/../lib/gcc/arm-none-eabi/13.3.1/../../../../arm-none-eabi/lib/thumb/v7-m/nofp\libm.a(libm_a-wf_atan2.o)
 .debug_frame   0x00000d1c       0x3c C:/ST/STM32CubeIDE_1.19.0/STM32CubeIDE/plugins/com.st.stm32cube.ide.mcu.externaltools.gnu-tools-for-stm32.13.3.rel1.win32_1.0.0.202411081344/tools/bin/../lib/gcc/arm-none-eabi/13.3.1/../../../../arm-none-eabi/lib/thumb/v7-m/nofp\libm.a(libm_a-ef_atan2.o)
 .debug_frame   0x00000d58       0x30 C:/ST/STM32CubeIDE_1.19.0/STM32CubeIDE/plugins/com.st.stm32cube.ide.mcu.externaltools.gnu-tools-for-stm32.13.3.rel1.win32_1.0.0.202411081344/tools/bin/../lib/gcc/arm-none-eabi/13.3.1/../../../../arm-none-eabi/lib/thumb/v7-m/nofp\libm.a(libm_a-sf_atan.o)
 .debug_frame   0x00000d88       0x20 C:/ST/STM32CubeIDE_1.19.0/STM32CubeIDE/plugins/com.st.stm32cube.ide.mcu.externaltools.gnu-tools-for-stm32.13.3.rel1.win32_1.0.0.202411081344/tools/bin/../lib/gcc/arm-none-eabi/13.3.1/../../../../arm-none-eabi/lib/thumb/v7-m/nofp\libm.a(libm_a-sf_fabs.o)
 .debug_frame   0x00000da8       0x30 C:/ST/STM32CubeIDE_1.19.0/STM32CubeIDE/plugins/com.st.stm32cube.ide.mcu.externaltools.gnu-tools-for-stm32.13.3.rel1.win32_1.0.0.202411081344/tools/bin/../lib/gcc/arm-none-eabi/13.3.1/thumb/v7-m/nofp\libgcc.a(_arm_muldf3.o)
 .debug_frame   0x00000dd8       0xac C:/ST/STM32CubeIDE_1.19.0/STM32CubeIDE/plugins/com.st.stm32cube.ide.mcu.externaltools.gnu-tools-for-stm32.13.3.rel1.win32_1.0.0.202411081344/tools/bin/../lib/gcc/arm-none-eabi/13.3.1/thumb/v7-m/nofp\libgcc.a(_arm_addsubdf3.o)
 .debug_frame   0x00000e84       0x24 C:/ST/STM32CubeIDE_1.19.0/STM32CubeIDE/plugins/com.st.stm32cube.ide.mcu.externaltools.gnu-tools-for-stm32.13.3.rel1.win32_1.0.0.202411081344/tools/bin/../lib/gcc/arm-none-eabi/13.3.1/thumb/v7-m/nofp\libgcc.a(_arm_truncdfsf2.o)
 .debug_frame   0x00000ea8       0x4c C:/ST/STM32CubeIDE_1.19.0/STM32CubeIDE/plugins/com.st.stm32cube.ide.mcu.externaltools.gnu-tools-for-stm32.13.3.rel1.win32_1.0.0.202411081344/tools/bin/../lib/gcc/arm-none-eabi/13.3.1/thumb/v7-m/nofp\libgcc.a(_arm_addsubsf3.o)
 .debug_frame   0x00000ef4       0x38 C:/ST/STM32CubeIDE_1.19.0/STM32CubeIDE/plugins/com.st.stm32cube.ide.mcu.externaltools.gnu-tools-for-stm32.13.3.rel1.win32_1.0.0.202411081344/tools/bin/../lib/gcc/arm-none-eabi/13.3.1/thumb/v7-m/nofp\libgcc.a(_arm_muldivsf3.o)
 .debug_frame   0x00000f2c       0xc8 C:/ST/STM32CubeIDE_1.19.0/STM32CubeIDE/plugins/com.st.stm32cube.ide.mcu.externaltools.gnu-tools-for-stm32.13.3.rel1.win32_1.0.0.202411081344/tools/bin/../lib/gcc/arm-none-eabi/13.3.1/thumb/v7-m/nofp\libgcc.a(_arm_cmpsf2.o)
 .debug_frame   0x00000ff4       0x24 C:/ST/STM32CubeIDE_1.19.0/STM32CubeIDE/plugins/com.st.stm32cube.ide.mcu.externaltools.gnu-tools-for-stm32.13.3.rel1.win32_1.0.0.202411081344/tools/bin/../lib/gcc/arm-none-eabi/13.3.1/thumb/v7-m/nofp\libgcc.a(_arm_fixunssfsi.o)

.debug_line_str
                0x00000000       0x48
 .debug_line_str
                0x00000000       0x48 ./Startup/startup_stm32f103c6tx.o
